Archive member included to satisfy reference by file (symbol)

/opt/arm-gnu-toolchain-15.2.rel1-x86_64-arm-none-eabi/bin/../lib/gcc/arm-none-eabi/15.2.1/../../../../arm-none-eabi/lib/thumb/v7e-m+dp/hard/libc_nano.a(libc_a-exit.o)
                              /opt/arm-gnu-toolchain-15.2.rel1-x86_64-arm-none-eabi/bin/../lib/gcc/arm-none-eabi/15.2.1/../../../../arm-none-eabi/lib/thumb/v7e-m+dp/hard/crt0.o (exit)
/opt/arm-gnu-toolchain-15.2.rel1-x86_64-arm-none-eabi/bin/../lib/gcc/arm-none-eabi/15.2.1/../../../../arm-none-eabi/lib/thumb/v7e-m+dp/hard/libc_nano.a(libc_a-findfp.o)
                              /opt/arm-gnu-toolchain-15.2.rel1-x86_64-arm-none-eabi/bin/../lib/gcc/arm-none-eabi/15.2.1/../../../../arm-none-eabi/lib/thumb/v7e-m+dp/hard/libc_nano.a(libc_a-exit.o) (__stdio_exit_handler)
/opt/arm-gnu-toolchain-15.2.rel1-x86_64-arm-none-eabi/bin/../lib/gcc/arm-none-eabi/15.2.1/../../../../arm-none-eabi/lib/thumb/v7e-m+dp/hard/libc_nano.a(libc_a-fwalk.o)
                              /opt/arm-gnu-toolchain-15.2.rel1-x86_64-arm-none-eabi/bin/../lib/gcc/arm-none-eabi/15.2.1/../../../../arm-none-eabi/lib/thumb/v7e-m+dp/hard/libc_nano.a(libc_a-findfp.o) (_fwalk_sglue)
/opt/arm-gnu-toolchain-15.2.rel1-x86_64-arm-none-eabi/bin/../lib/gcc/arm-none-eabi/15.2.1/../../../../arm-none-eabi/lib/thumb/v7e-m+dp/hard/libc_nano.a(libc_a-printf.o)
                              build/usbd_core.o (printf)
/opt/arm-gnu-toolchain-15.2.rel1-x86_64-arm-none-eabi/bin/../lib/gcc/arm-none-eabi/15.2.1/../../../../arm-none-eabi/lib/thumb/v7e-m+dp/hard/libc_nano.a(libc_a-putchar.o)
                              build/usbd_core.o (putchar)
/opt/arm-gnu-toolchain-15.2.rel1-x86_64-arm-none-eabi/bin/../lib/gcc/arm-none-eabi/15.2.1/../../../../arm-none-eabi/lib/thumb/v7e-m+dp/hard/libc_nano.a(libc_a-stdio.o)
                              /opt/arm-gnu-toolchain-15.2.rel1-x86_64-arm-none-eabi/bin/../lib/gcc/arm-none-eabi/15.2.1/../../../../arm-none-eabi/lib/thumb/v7e-m+dp/hard/libc_nano.a(libc_a-findfp.o) (__sread)
/opt/arm-gnu-toolchain-15.2.rel1-x86_64-arm-none-eabi/bin/../lib/gcc/arm-none-eabi/15.2.1/../../../../arm-none-eabi/lib/thumb/v7e-m+dp/hard/libc_nano.a(libc_a-memset.o)
                              /opt/arm-gnu-toolchain-15.2.rel1-x86_64-arm-none-eabi/bin/../lib/gcc/arm-none-eabi/15.2.1/../../../../arm-none-eabi/lib/thumb/v7e-m+dp/hard/crt0.o (memset)
/opt/arm-gnu-toolchain-15.2.rel1-x86_64-arm-none-eabi/bin/../lib/gcc/arm-none-eabi/15.2.1/../../../../arm-none-eabi/lib/thumb/v7e-m+dp/hard/libc_nano.a(libc_a-closer.o)
                              /opt/arm-gnu-toolchain-15.2.rel1-x86_64-arm-none-eabi/bin/../lib/gcc/arm-none-eabi/15.2.1/../../../../arm-none-eabi/lib/thumb/v7e-m+dp/hard/libc_nano.a(libc_a-stdio.o) (_close_r)
/opt/arm-gnu-toolchain-15.2.rel1-x86_64-arm-none-eabi/bin/../lib/gcc/arm-none-eabi/15.2.1/../../../../arm-none-eabi/lib/thumb/v7e-m+dp/hard/libc_nano.a(libc_a-reent.o)
                              /opt/arm-gnu-toolchain-15.2.rel1-x86_64-arm-none-eabi/bin/../lib/gcc/arm-none-eabi/15.2.1/../../../../arm-none-eabi/lib/thumb/v7e-m+dp/hard/libc_nano.a(libc_a-closer.o) (errno)
/opt/arm-gnu-toolchain-15.2.rel1-x86_64-arm-none-eabi/bin/../lib/gcc/arm-none-eabi/15.2.1/../../../../arm-none-eabi/lib/thumb/v7e-m+dp/hard/libc_nano.a(libc_a-impure.o)
                              /opt/arm-gnu-toolchain-15.2.rel1-x86_64-arm-none-eabi/bin/../lib/gcc/arm-none-eabi/15.2.1/../../../../arm-none-eabi/lib/thumb/v7e-m+dp/hard/libc_nano.a(libc_a-printf.o) (_impure_ptr)
/opt/arm-gnu-toolchain-15.2.rel1-x86_64-arm-none-eabi/bin/../lib/gcc/arm-none-eabi/15.2.1/../../../../arm-none-eabi/lib/thumb/v7e-m+dp/hard/libc_nano.a(libc_a-lseekr.o)
                              /opt/arm-gnu-toolchain-15.2.rel1-x86_64-arm-none-eabi/bin/../lib/gcc/arm-none-eabi/15.2.1/../../../../arm-none-eabi/lib/thumb/v7e-m+dp/hard/libc_nano.a(libc_a-stdio.o) (_lseek_r)
/opt/arm-gnu-toolchain-15.2.rel1-x86_64-arm-none-eabi/bin/../lib/gcc/arm-none-eabi/15.2.1/../../../../arm-none-eabi/lib/thumb/v7e-m+dp/hard/libc_nano.a(libc_a-readr.o)
                              /opt/arm-gnu-toolchain-15.2.rel1-x86_64-arm-none-eabi/bin/../lib/gcc/arm-none-eabi/15.2.1/../../../../arm-none-eabi/lib/thumb/v7e-m+dp/hard/libc_nano.a(libc_a-stdio.o) (_read_r)
/opt/arm-gnu-toolchain-15.2.rel1-x86_64-arm-none-eabi/bin/../lib/gcc/arm-none-eabi/15.2.1/../../../../arm-none-eabi/lib/thumb/v7e-m+dp/hard/libc_nano.a(libc_a-writer.o)
                              /opt/arm-gnu-toolchain-15.2.rel1-x86_64-arm-none-eabi/bin/../lib/gcc/arm-none-eabi/15.2.1/../../../../arm-none-eabi/lib/thumb/v7e-m+dp/hard/libc_nano.a(libc_a-stdio.o) (_write_r)
/opt/arm-gnu-toolchain-15.2.rel1-x86_64-arm-none-eabi/bin/../lib/gcc/arm-none-eabi/15.2.1/../../../../arm-none-eabi/lib/thumb/v7e-m+dp/hard/libc_nano.a(libc_a-errno.o)
                              build/sysmem.o (__errno)
[...]
Memory Configuration

Name             Origin             Length             Attributes
DTCMRAM          0x20000000         0x00020000         xrw
RAM_D1           0x24000000         0x00050000         xrw
RAM_D2           0x30000000         0x00008000         xrw
RAM_D3           0x38000000         0x00004000         xrw
ITCMRAM          0x00000000         0x00010000         xrw
FLASH            0x08000000         0x00100000         xr
*default*        0x00000000         0xffffffff

Linker script and memory map

LOAD /opt/arm-gnu-toolchain-15.2.rel1-x86_64-arm-none-eabi/bin/../lib/gcc/arm-none-eabi/15.2.1/thumb/v7e-m+dp/hard/crti.o
LOAD /opt/arm-gnu-toolchain-15.2.rel1-x86_64-arm-none-eabi/bin/../lib/gcc/arm-none-eabi/15.2.1/thumb/v7e-m+dp/hard/crtbegin.o
LOAD /opt/arm-gnu-toolchain-15.2.rel1-x86_64-arm-none-eabi/bin/../lib/gcc/arm-none-eabi/15.2.1/../../../../arm-none-eabi/lib/thumb/v7e-m+dp/hard/crt0.o
LOAD build/main.o
LOAD build/stm32h7xx_it.o
LOAD build/stm32h7xx_hal_msp.o
LOAD build/usb_device.o
LOAD build/usbd_desc.o
LOAD build/usbd_cdc_if.o
LOAD build/usbd_conf.o
LOAD build/stm32h7xx_hal_pcd.o
LOAD build/stm32h7xx_hal_pcd_ex.o
LOAD build/stm32h7xx_ll_usb.o
LOAD build/stm32h7xx_hal_rcc.o
LOAD build/stm32h7xx_hal_rcc_ex.o
LOAD build/stm32h7xx_hal_flash.o
LOAD build/stm32h7xx_hal_flash_ex.o
LOAD build/stm32h7xx_hal_gpio.o
LOAD build/stm32h7xx_hal_hsem.o
LOAD build/stm32h7xx_hal_dma.o
LOAD build/stm32h7xx_hal_dma_ex.o
LOAD build/stm32h7xx_hal_mdma.o
LOAD build/stm32h7xx_hal_pwr.o
LOAD build/stm32h7xx_hal_pwr_ex.o
LOAD build/stm32h7xx_hal_cortex.o
LOAD build/stm32h7xx_hal.o
LOAD build/stm32h7xx_hal_i2c.o
LOAD build/stm32h7xx_hal_i2c_ex.o
LOAD build/stm32h7xx_hal_exti.o
LOAD build/stm32h7xx_hal_tim.o
LOAD build/stm32h7xx_hal_tim_ex.o
LOAD build/system_stm32h7xx.o
LOAD build/usbd_core.o
LOAD build/usbd_ctlreq.o
LOAD build/usbd_ioreq.o
LOAD build/usbd_cdc.o
LOAD build/sysmem.o
LOAD build/syscalls.o
LOAD build/startup_stm32h723xx.o
LOAD /opt/arm-gnu-toolchain-15.2.rel1-x86_64-arm-none-eabi/bin/../lib/gcc/arm-none-eabi/15.2.1/../../../../arm-none-eabi/lib/thumb/v7e-m+dp/hard/libc_nano.a
LOAD /opt/arm-gnu-toolchain-15.2.rel1-x86_64-arm-none-eabi/bin/../lib/gcc/arm-none-eabi/15.2.1/../../../../arm-none-eabi/lib/thumb/v7e-m+dp/hard/libm.a
LOAD /opt/arm-gnu-toolchain-15.2.rel1-x86_64-arm-none-eabi/bin/../lib/gcc/arm-none-eabi/15.2.1/../../../../arm-none-eabi/lib/thumb/v7e-m+dp/hard/libnosys.a
START GROUP
LOAD /opt/arm-gnu-toolchain-15.2.rel1-x86_64-arm-none-eabi/bin/../lib/gcc/arm-none-eabi/15.2.1/thumb/v7e-m+dp/hard/libgcc.a
LOAD /opt/arm-gnu-toolchain-15.2.rel1-x86_64-arm-none-eabi/bin/../lib/gcc/arm-none-eabi/15.2.1/../../../../arm-none-eabi/lib/thumb/v7e-m+dp/hard/libc_nano.a
END GROUP
START GROUP
LOAD /opt/arm-gnu-toolchain-15.2.rel1-x86_64-arm-none-eabi/bin/../lib/gcc/arm-none-eabi/15.2.1/thumb/v7e-m+dp/hard/libgcc.a
LOAD /opt/arm-gnu-toolchain-15.2.rel1-x86_64-arm-none-eabi/bin/../lib/gcc/arm-none-eabi/15.2.1/../../../../arm-none-eabi/lib/thumb/v7e-m+dp/hard/libc_nano.a
END GROUP
LOAD /opt/arm-gnu-toolchain-15.2.rel1-x86_64-arm-none-eabi/bin/../lib/gcc/arm-none-eabi/15.2.1/thumb/v7e-m+dp/hard/crtend.o
LOAD /opt/arm-gnu-toolchain-15.2.rel1-x86_64-arm-none-eabi/bin/../lib/gcc/arm-none-eabi/15.2.1/thumb/v7e-m+dp/hard/crtn.o
                0x20020000                        _estack = (ORIGIN (DTCMRAM) + LENGTH (DTCMRAM))
                0x2001fc00                        _sstack = (_estack - _Min_Stack_Size)
                0x00000200                        _Min_Heap_Size = 0x200
                0x00000400                        _Min_Stack_Size = 0x400

.isr_vector     0x08000000      0x2cc
                0x08000000                        . = ALIGN (0x4)
 *(.isr_vector)
 .isr_vector    0x08000000      0x2cc build/startup_stm32h723xx.o
                0x08000000                g_pfnVectors
                0x080002cc                        . = ALIGN (0x4)

.text           0x080002d0     0x608c
                0x080002d0                        . = ALIGN (0x4)
 *(.text)
 .text          0x080002d0       0xa0 /opt/arm-gnu-toolchain-15.2.rel1-x86_64-arm-none-eabi/bin/../lib/gcc/arm-none-eabi/15.2.1/../../../../arm-none-eabi/lib/thumb/v7e-m+dp/hard/libc_nano.a(libc_a-memchr.o)
                0x080002d0                memchr
 *(.text*)
 .text.deregister_tm_clones
                0x08000370       0x1c /opt/arm-gnu-toolchain-15.2.rel1-x86_64-arm-none-eabi/bin/../lib/gcc/arm-none-eabi/15.2.1/thumb/v7e-m+dp/hard/crtbegin.o
 .text.register_tm_clones
                0x0800038c       0x24 /opt/arm-gnu-toolchain-15.2.rel1-x86_64-arm-none-eabi/bin/../lib/gcc/arm-none-eabi/15.2.1/thumb/v7e-m+dp/hard/crtbegin.o
 .text.__do_global_dtors_aux
                0x080003b0       0x28 /opt/arm-gnu-toolchain-15.2.rel1-x86_64-arm-none-eabi/bin/../lib/gcc/arm-none-eabi/15.2.1/thumb/v7e-m+dp/hard/crtbegin.o
 .text.frame_dummy
                0x080003d8       0x24 /opt/arm-gnu-toolchain-15.2.rel1-x86_64-arm-none-eabi/bin/../lib/gcc/arm-none-eabi/15.2.1/thumb/v7e-m+dp/hard/crtbegin.o
 .text.MPU_Config
                0x080003fc       0x52 build/main.o
 *fill*         0x0800044e        0x2 
 .text.MX_GPIO_Init
                0x08000450       0xa0 build/main.o
 .text.Error_Handler
                0x080004f0        0x4 build/main.o
                0x080004f0                Error_Handler
 .text.SystemClock_Config
                0x080004f4       0xa8 build/main.o
                0x080004f4                SystemClock_Config
 .text.main     0x0800059c       0xbc build/main.o
                0x0800059c                main
 .text.NMI_Handler
                0x08000658        0x2 build/stm32h7xx_it.o
                0x08000658                NMI_Handler
 .text.HardFault_Handler
                0x0800065a        0x2 build/stm32h7xx_it.o
                0x0800065a                HardFault_Handler
 .text.MemManage_Handler
                0x0800065c        0x2 build/stm32h7xx_it.o
                0x0800065c                MemManage_Handler
 .text.BusFault_Handler
                0x0800065e        0x2 build/stm32h7xx_it.o
                0x0800065e                BusFault_Handler
 .text.UsageFault_Handler
                0x08000660        0x2 build/stm32h7xx_it.o
                0x08000660                UsageFault_Handler
 .text.SVC_Handler
                0x08000662        0x2 build/stm32h7xx_it.o
                0x08000662                SVC_Handler
 .text.DebugMon_Handler
                0x08000664        0x2 build/stm32h7xx_it.o
                0x08000664                DebugMon_Handler
 .text.PendSV_Handler
                0x08000666        0x2 build/stm32h7xx_it.o
                0x08000666                PendSV_Handler
 .text.SysTick_Handler
                0x08000668        0x8 build/stm32h7xx_it.o
                0x08000668                SysTick_Handler
 .text.OTG_HS_IRQHandler
                0x08000670       0x10 build/stm32h7xx_it.o
                0x08000670                OTG_HS_IRQHandler
 .text.HAL_MspInit
                0x08000680       0x24 build/stm32h7xx_hal_msp.o
                0x08000680                HAL_MspInit
 .text.MX_USB_DEVICE_Init
                0x080006a4       0x58 build/usb_device.o
                0x080006a4                MX_USB_DEVICE_Init
 .text.USBD_HS_DeviceDescriptor
                0x080006fc        0xc build/usbd_desc.o
                0x080006fc                USBD_HS_DeviceDescriptor
 .text.USBD_HS_LangIDStrDescriptor
                0x08000708        0xc build/usbd_desc.o
                0x08000708                USBD_HS_LangIDStrDescriptor
 .text.IntToUnicode
                0x08000714       0x44 build/usbd_desc.o
 .text.Get_SerialNum
                0x08000758       0x38 build/usbd_desc.o
 .text.USBD_HS_SerialStrDescriptor
                0x08000790       0x14 build/usbd_desc.o
                0x08000790                USBD_HS_SerialStrDescriptor
 .text.USBD_HS_ProductStrDescriptor
                0x080007a4       0x24 build/usbd_desc.o
                0x080007a4                USBD_HS_ProductStrDescriptor
 .text.USBD_HS_ManufacturerStrDescriptor
                0x080007c8       0x1c build/usbd_desc.o
                0x080007c8                USBD_HS_ManufacturerStrDescriptor
 .text.USBD_HS_ConfigStrDescriptor
                0x080007e4       0x24 build/usbd_desc.o
                0x080007e4                USBD_HS_ConfigStrDescriptor
 .text.USBD_HS_InterfaceStrDescriptor
                0x08000808       0x24 build/usbd_desc.o
                0x08000808                USBD_HS_InterfaceStrDescriptor
 .text.CDC_DeInit_HS
                0x0800082c        0x4 build/usbd_cdc_if.o
 .text.CDC_Control_HS
                0x08000830        0x4 build/usbd_cdc_if.o
 .text.CDC_TransmitCplt_HS
                0x08000834        0x4 build/usbd_cdc_if.o
 .text.CDC_Receive_HS
                0x08000838       0x1c build/usbd_cdc_if.o
 .text.CDC_Init_HS
                0x08000854       0x28 build/usbd_cdc_if.o
 .text.HAL_PCD_MspInit
                0x0800087c       0xac build/usbd_conf.o
                0x0800087c                HAL_PCD_MspInit
 .text.HAL_PCD_SetupStageCallback
                0x08000928       0x10 build/usbd_conf.o
                0x08000928                HAL_PCD_SetupStageCallback
 .text.HAL_PCD_DataOutStageCallback
                0x08000938       0x18 build/usbd_conf.o
                0x08000938                HAL_PCD_DataOutStageCallback
 .text.HAL_PCD_DataInStageCallback
                0x08000950       0x16 build/usbd_conf.o
                0x08000950                HAL_PCD_DataInStageCallback
 .text.HAL_PCD_SOFCallback
                0x08000966        0xc build/usbd_conf.o
                0x08000966                HAL_PCD_SOFCallback
 .text.HAL_PCD_ResetCallback
                0x08000972       0x28 build/usbd_conf.o
                0x08000972                HAL_PCD_ResetCallback
 *fill*         0x0800099a        0x2 
 .text.HAL_PCD_SuspendCallback
                0x0800099c       0x30 build/usbd_conf.o
                0x0800099c                HAL_PCD_SuspendCallback
 .text.HAL_PCD_ResumeCallback
                0x080009cc        0xc build/usbd_conf.o
                0x080009cc                HAL_PCD_ResumeCallback
 .text.HAL_PCD_ISOOUTIncompleteCallback
                0x080009d8        0xc build/usbd_conf.o
                0x080009d8                HAL_PCD_ISOOUTIncompleteCallback
 .text.HAL_PCD_ISOINIncompleteCallback
                0x080009e4        0xc build/usbd_conf.o
                0x080009e4                HAL_PCD_ISOINIncompleteCallback
 .text.HAL_PCD_ConnectCallback
                0x080009f0        0xc build/usbd_conf.o
                0x080009f0                HAL_PCD_ConnectCallback
 .text.HAL_PCD_DisconnectCallback
                0x080009fc        0xc build/usbd_conf.o
                0x080009fc                HAL_PCD_DisconnectCallback
 .text.USBD_LL_Init
                0x08000a08       0x70 build/usbd_conf.o
                0x08000a08                USBD_LL_Init
 .text.USBD_LL_IsStallEP
                0x08000a78       0x2c build/usbd_conf.o
                0x08000a78                USBD_LL_IsStallEP
 .text.USBD_LL_GetRxDataSize
                0x08000aa4        0xc build/usbd_conf.o
                0x08000aa4                USBD_LL_GetRxDataSize
 .text.USBD_static_malloc
                0x08000ab0        0x8 build/usbd_conf.o
                0x08000ab0                USBD_static_malloc
 .text.USBD_static_free
                0x08000ab8        0x2 build/usbd_conf.o
                0x08000ab8                USBD_static_free
 .text.USBD_Get_USB_Status
                0x08000aba       0x16 build/usbd_conf.o
                0x08000aba                USBD_Get_USB_Status
 .text.USBD_LL_Start
                0x08000ad0       0x10 build/usbd_conf.o
                0x08000ad0                USBD_LL_Start
 .text.USBD_LL_OpenEP
                0x08000ae0       0x16 build/usbd_conf.o
                0x08000ae0                USBD_LL_OpenEP
 .text.USBD_LL_CloseEP
                0x08000af6       0x10 build/usbd_conf.o
                0x08000af6                USBD_LL_CloseEP
 .text.USBD_LL_StallEP
                0x08000b06       0x10 build/usbd_conf.o
                0x08000b06                USBD_LL_StallEP
 .text.USBD_LL_ClearStallEP
                0x08000b16       0x10 build/usbd_conf.o
                0x08000b16                USBD_LL_ClearStallEP
 .text.USBD_LL_SetUSBAddress
                0x08000b26       0x10 build/usbd_conf.o
                0x08000b26                USBD_LL_SetUSBAddress
 .text.USBD_LL_Transmit
                0x08000b36       0x10 build/usbd_conf.o
                0x08000b36                USBD_LL_Transmit
 .text.USBD_LL_PrepareReceive
                0x08000b46       0x10 build/usbd_conf.o
                0x08000b46                USBD_LL_PrepareReceive
 .text.PCD_WriteEmptyTxFifo
                0x08000b56       0xd0 build/stm32h7xx_hal_pcd.o
 .text.HAL_PCD_Init
                0x08000c26      0x108 build/stm32h7xx_hal_pcd.o
                0x08000c26                HAL_PCD_Init
 .text.HAL_PCD_Start
                0x08000d2e       0x44 build/stm32h7xx_hal_pcd.o
                0x08000d2e                HAL_PCD_Start
 *fill*         0x08000d72        0x2 
 .text.PCD_EP_OutXfrComplete_int
                0x08000d74      0x108 build/stm32h7xx_hal_pcd.o
 .text.PCD_EP_OutSetupPacket_int
                0x08000e7c       0x50 build/stm32h7xx_hal_pcd.o
 .text.HAL_PCD_SetAddress
                0x08000ecc       0x26 build/stm32h7xx_hal_pcd.o
                0x08000ecc                HAL_PCD_SetAddress
 .text.HAL_PCD_EP_Open
                0x08000ef2       0x96 build/stm32h7xx_hal_pcd.o
                0x08000ef2                HAL_PCD_EP_Open
 .text.HAL_PCD_EP_Close
                0x08000f88       0x70 build/stm32h7xx_hal_pcd.o
                0x08000f88                HAL_PCD_EP_Close
 .text.HAL_PCD_EP_Receive
                0x08000ff8       0x4a build/stm32h7xx_hal_pcd.o
                0x08000ff8                HAL_PCD_EP_Receive
 .text.HAL_PCD_EP_GetRxCount
                0x08001042       0x12 build/stm32h7xx_hal_pcd.o
                0x08001042                HAL_PCD_EP_GetRxCount
 .text.HAL_PCD_EP_Transmit
                0x08001054       0x4a build/stm32h7xx_hal_pcd.o
                0x08001054                HAL_PCD_EP_Transmit
 .text.HAL_PCD_EP_SetStall
                0x0800109e       0x86 build/stm32h7xx_hal_pcd.o
                0x0800109e                HAL_PCD_EP_SetStall
 .text.HAL_PCD_EP_ClrStall
                0x08001124       0x74 build/stm32h7xx_hal_pcd.o
                0x08001124                HAL_PCD_EP_ClrStall
 .text.HAL_PCD_EP_Abort
                0x08001198       0x34 build/stm32h7xx_hal_pcd.o
                0x08001198                HAL_PCD_EP_Abort
 .text.HAL_PCD_IRQHandler
                0x080011cc      0x648 build/stm32h7xx_hal_pcd.o
                0x080011cc                HAL_PCD_IRQHandler
 .text.HAL_PCDEx_SetTxFiFo
                0x08001814       0x4a build/stm32h7xx_hal_pcd_ex.o
                0x08001814                HAL_PCDEx_SetTxFiFo
 .text.HAL_PCDEx_SetRxFiFo
                0x0800185e        0x8 build/stm32h7xx_hal_pcd_ex.o
                0x0800185e                HAL_PCDEx_SetRxFiFo
 *fill*         0x08001866        0x2 
 .text.HAL_PCDEx_ActivateLPM
                0x08001868       0x28 build/stm32h7xx_hal_pcd_ex.o
                0x08001868                HAL_PCDEx_ActivateLPM
 .text.HAL_PCDEx_LPM_Callback
                0x08001890        0x2 build/stm32h7xx_hal_pcd_ex.o
                0x08001890                HAL_PCDEx_LPM_Callback
 .text.USB_CoreReset
                0x08001892       0x58 build/stm32h7xx_ll_usb.o
 *fill*         0x080018ea        0x2 
 .text.USB_CoreInit
                0x080018ec       0xac build/stm32h7xx_ll_usb.o
                0x080018ec                USB_CoreInit
 .text.USB_SetTurnaroundTime
                0x08001998       0xe4 build/stm32h7xx_ll_usb.o
                0x08001998                USB_SetTurnaroundTime
 .text.USB_EnableGlobalInt
                0x08001a7c        0xc build/stm32h7xx_ll_usb.o
                0x08001a7c                USB_EnableGlobalInt
 .text.USB_DisableGlobalInt
                0x08001a88        0xc build/stm32h7xx_ll_usb.o
                0x08001a88                USB_DisableGlobalInt
 .text.USB_FlushTxFifo
                0x08001a94       0x4a build/stm32h7xx_ll_usb.o
                0x08001a94                USB_FlushTxFifo
 .text.USB_FlushRxFifo
                0x08001ade       0x46 build/stm32h7xx_ll_usb.o
                0x08001ade                USB_FlushRxFifo
 .text.USB_SetDevSpeed
                0x08001b24        0xe build/stm32h7xx_ll_usb.o
                0x08001b24                USB_SetDevSpeed
 *fill*         0x08001b32        0x2 
 .text.USB_DevInit
                0x08001b34      0x198 build/stm32h7xx_ll_usb.o
                0x08001b34                USB_DevInit
 .text.USB_GetDevSpeed
                0x08001ccc       0x1e build/stm32h7xx_ll_usb.o
                0x08001ccc                USB_GetDevSpeed
 *fill*         0x08001cea        0x2 
 .text.USB_ActivateEndpoint
                0x08001cec       0xa0 build/stm32h7xx_ll_usb.o
                0x08001cec                USB_ActivateEndpoint
 .text.USB_DeactivateEndpoint
                0x08001d8c       0xe4 build/stm32h7xx_ll_usb.o
                0x08001d8c                USB_DeactivateEndpoint
 .text.USB_EPStopXfer
                0x08001e70      0x138 build/stm32h7xx_ll_usb.o
                0x08001e70                USB_EPStopXfer
 .text.USB_EPSetStall
                0x08001fa8       0x5a build/stm32h7xx_ll_usb.o
                0x08001fa8                USB_EPSetStall
 .text.USB_EPClearStall
                0x08002002       0x5c build/stm32h7xx_ll_usb.o
                0x08002002                USB_EPClearStall
 .text.USB_WritePacket
                0x0800205e       0x2e build/stm32h7xx_ll_usb.o
                0x0800205e                USB_WritePacket
 .text.USB_EPStartXfer
                0x0800208c      0x27c build/stm32h7xx_ll_usb.o
                0x0800208c                USB_EPStartXfer
 .text.USB_ReadPacket
                0x08002308       0x46 build/stm32h7xx_ll_usb.o
                0x08002308                USB_ReadPacket
 .text.USB_SetDevAddress
                0x0800234e       0x20 build/stm32h7xx_ll_usb.o
                0x0800234e                USB_SetDevAddress
 .text.USB_DevConnect
                0x0800236e       0x1c build/stm32h7xx_ll_usb.o
                0x0800236e                USB_DevConnect
 .text.USB_DevDisconnect
                0x0800238a       0x1c build/stm32h7xx_ll_usb.o
                0x0800238a                USB_DevDisconnect
 .text.USB_ReadInterrupts
                0x080023a6        0x8 build/stm32h7xx_ll_usb.o
                0x080023a6                USB_ReadInterrupts
 .text.USB_ReadDevAllOutEpInterrupt
                0x080023ae       0x10 build/stm32h7xx_ll_usb.o
                0x080023ae                USB_ReadDevAllOutEpInterrupt
 .text.USB_ReadDevAllInEpInterrupt
                0x080023be       0x10 build/stm32h7xx_ll_usb.o
                0x080023be                USB_ReadDevAllInEpInterrupt
 .text.USB_ReadDevOutEPInterrupt
                0x080023ce       0x12 build/stm32h7xx_ll_usb.o
                0x080023ce                USB_ReadDevOutEPInterrupt
 .text.USB_ReadDevInEPInterrupt
                0x080023e0       0x24 build/stm32h7xx_ll_usb.o
                0x080023e0                USB_ReadDevInEPInterrupt
 .text.USB_GetMode
                0x08002404        0x8 build/stm32h7xx_ll_usb.o
                0x08002404                USB_GetMode
 .text.USB_SetCurrentMode
                0x0800240c       0x62 build/stm32h7xx_ll_usb.o
                0x0800240c                USB_SetCurrentMode
 .text.USB_ActivateSetup
                0x0800246e       0x1c build/stm32h7xx_ll_usb.o
                0x0800246e                USB_ActivateSetup
 *fill*         0x0800248a        0x2 
 .text.USB_EP0_OutStart
                0x0800248c       0x5c build/stm32h7xx_ll_usb.o
                0x0800248c                USB_EP0_OutStart
 .text.HAL_RCC_OscConfig
                0x080024e8      0x5e4 build/stm32h7xx_hal_rcc.o
                0x080024e8                HAL_RCC_OscConfig
 .text.HAL_RCC_GetSysClockFreq
                0x08002acc      0x1f4 build/stm32h7xx_hal_rcc.o
                0x08002acc                HAL_RCC_GetSysClockFreq
 .text.HAL_RCC_ClockConfig
                0x08002cc0      0x294 build/stm32h7xx_hal_rcc.o
                0x08002cc0                HAL_RCC_ClockConfig
 .text.HAL_RCC_GetHCLKFreq
                0x08002f54       0x44 build/stm32h7xx_hal_rcc.o
                0x08002f54                HAL_RCC_GetHCLKFreq
 .text.RCCEx_PLL2_Config
                0x08002f98      0x108 build/stm32h7xx_hal_rcc_ex.o
 .text.RCCEx_PLL3_Config
                0x080030a0      0x108 build/stm32h7xx_hal_rcc_ex.o
 .text.HAL_RCCEx_PeriphCLKConfig
                0x080031a8      0xa78 build/stm32h7xx_hal_rcc_ex.o
                0x080031a8                HAL_RCCEx_PeriphCLKConfig
 .text.HAL_GPIO_Init
                0x08003c20      0x234 build/stm32h7xx_hal_gpio.o
                0x08003c20                HAL_GPIO_Init
 .text.HAL_GPIO_WritePin
                0x08003e54        0xc build/stm32h7xx_hal_gpio.o
                0x08003e54                HAL_GPIO_WritePin
 .text.HAL_GPIO_TogglePin
                0x08003e60       0x12 build/stm32h7xx_hal_gpio.o
                0x08003e60                HAL_GPIO_TogglePin
 *fill*         0x08003e72        0x2 
 .text.HAL_PWREx_ConfigSupply
                0x08003e74       0x54 build/stm32h7xx_hal_pwr_ex.o
                0x08003e74                HAL_PWREx_ConfigSupply
 .text.HAL_PWREx_EnableUSBVoltageDetector
                0x08003ec8       0x10 build/stm32h7xx_hal_pwr_ex.o
                0x08003ec8                HAL_PWREx_EnableUSBVoltageDetector
 .text.__NVIC_EnableIRQ
                0x08003ed8       0x1c build/stm32h7xx_hal_cortex.o
 .text.__NVIC_SetPriority
                0x08003ef4       0x24 build/stm32h7xx_hal_cortex.o
 .text.NVIC_EncodePriority
                0x08003f18       0x46 build/stm32h7xx_hal_cortex.o
 *fill*         0x08003f5e        0x2 
 .text.HAL_NVIC_SetPriorityGrouping
                0x08003f60       0x24 build/stm32h7xx_hal_cortex.o
                0x08003f60                HAL_NVIC_SetPriorityGrouping
 .text.HAL_NVIC_SetPriority
                0x08003f84       0x20 build/stm32h7xx_hal_cortex.o
                0x08003f84                HAL_NVIC_SetPriority
 .text.HAL_NVIC_EnableIRQ
                0x08003fa4        0x8 build/stm32h7xx_hal_cortex.o
                0x08003fa4                HAL_NVIC_EnableIRQ
 .text.HAL_SYSTICK_Config
                0x08003fac       0x28 build/stm32h7xx_hal_cortex.o
                0x08003fac                HAL_SYSTICK_Config
 .text.HAL_MPU_Disable
                0x08003fd4       0x1c build/stm32h7xx_hal_cortex.o
                0x08003fd4                HAL_MPU_Disable
 .text.HAL_MPU_Enable
                0x08003ff0       0x20 build/stm32h7xx_hal_cortex.o
                0x08003ff0                HAL_MPU_Enable
 .text.HAL_MPU_ConfigRegion
                0x08004010       0x58 build/stm32h7xx_hal_cortex.o
                0x08004010                HAL_MPU_ConfigRegion
 .text.HAL_InitTick
                0x08004068       0x50 build/stm32h7xx_hal.o
                0x08004068                HAL_InitTick
 .text.HAL_Init
                0x080040b8       0x60 build/stm32h7xx_hal.o
                0x080040b8                HAL_Init
 .text.HAL_IncTick
                0x08004118       0x18 build/stm32h7xx_hal.o
                0x08004118                HAL_IncTick
 .text.HAL_GetTick
                0x08004130        0xc build/stm32h7xx_hal.o
                0x08004130                HAL_GetTick
 .text.HAL_Delay
                0x0800413c       0x28 build/stm32h7xx_hal.o
                0x0800413c                HAL_Delay
 .text.SystemInit
                0x08004164       0xd0 build/system_stm32h7xx.o
                0x08004164                SystemInit
 .text.ExitRun0Mode
                0x08004234       0x18 build/system_stm32h7xx.o
                0x08004234                ExitRun0Mode
 .text.USBD_Init
                0x0800424c       0x48 build/usbd_core.o
                0x0800424c                USBD_Init
 .text.USBD_RegisterClass
                0x08004294       0x5c build/usbd_core.o
                0x08004294                USBD_RegisterClass
 .text.USBD_Start
                0x080042f0        0x8 build/usbd_core.o
                0x080042f0                USBD_Start
 .text.USBD_SetClassConfig
                0x080042f8       0x12 build/usbd_core.o
                0x080042f8                USBD_SetClassConfig
 .text.USBD_ClrClassConfig
                0x0800430a       0x12 build/usbd_core.o
                0x0800430a                USBD_ClrClassConfig
 .text.USBD_LL_SetupStage
                0x0800431c       0x58 build/usbd_core.o
                0x0800431c                USBD_LL_SetupStage
 .text.USBD_LL_Reset
                0x08004374       0x68 build/usbd_core.o
                0x08004374                USBD_LL_Reset
 .text.USBD_LL_SetSpeed
                0x080043dc        0x6 build/usbd_core.o
                0x080043dc                USBD_LL_SetSpeed
 .text.USBD_LL_Suspend
                0x080043e2       0x1c build/usbd_core.o
                0x080043e2                USBD_LL_Suspend
 .text.USBD_LL_Resume
                0x080043fe       0x18 build/usbd_core.o
                0x080043fe                USBD_LL_Resume
 .text.USBD_LL_SOF
                0x08004416       0x20 build/usbd_core.o
                0x08004416                USBD_LL_SOF
 .text.USBD_LL_IsoINIncomplete
                0x08004436       0x2c build/usbd_core.o
                0x08004436                USBD_LL_IsoINIncomplete
 .text.USBD_LL_IsoOUTIncomplete
                0x08004462       0x2c build/usbd_core.o
                0x08004462                USBD_LL_IsoOUTIncomplete
 .text.USBD_LL_DevConnected
                0x0800448e        0x4 build/usbd_core.o
                0x0800448e                USBD_LL_DevConnected
 .text.USBD_LL_DevDisconnected
                0x08004492       0x20 build/usbd_core.o
                0x08004492                USBD_LL_DevDisconnected
 .text.USBD_CoreFindIF
                0x080044b2        0x4 build/usbd_core.o
                0x080044b2                USBD_CoreFindIF
 .text.USBD_CoreFindEP
                0x080044b6        0x4 build/usbd_core.o
                0x080044b6                USBD_CoreFindEP
 .text.USBD_LL_DataOutStage
                0x080044ba       0xc6 build/usbd_core.o
                0x080044ba                USBD_LL_DataOutStage
 .text.USBD_LL_DataInStage
                0x08004580       0xd4 build/usbd_core.o
                0x08004580                USBD_LL_DataInStage
 .text.USBD_GetNextDesc
                0x08004654        0xe build/usbd_core.o
                0x08004654                USBD_GetNextDesc
 .text.USBD_GetEpDesc
                0x08004662       0x3e build/usbd_core.o
                0x08004662                USBD_GetEpDesc
 .text.USBD_GetLen
                0x080046a0       0x14 build/usbd_ctlreq.o
 .text.USBD_ParseSetupRequest
                0x080046b4       0x28 build/usbd_ctlreq.o
                0x080046b4                USBD_ParseSetupRequest
 .text.USBD_CtlError
                0x080046dc       0x14 build/usbd_ctlreq.o
                0x080046dc                USBD_CtlError
 .text.USBD_GetDescriptor
                0x080046f0      0x1b2 build/usbd_ctlreq.o
 .text.USBD_SetAddress
                0x080048a2       0x52 build/usbd_ctlreq.o
 .text.USBD_SetConfig
                0x080048f4       0xd8 build/usbd_ctlreq.o
 .text.USBD_GetConfig
                0x080049cc       0x40 build/usbd_ctlreq.o
 .text.USBD_GetStatus
                0x08004a0c       0x38 build/usbd_ctlreq.o
 .text.USBD_SetFeature
                0x08004a44       0x2a build/usbd_ctlreq.o
 .text.USBD_ClrFeature
                0x08004a6e       0x26 build/usbd_ctlreq.o
 .text.USBD_StdDevReq
                0x08004a94       0x82 build/usbd_ctlreq.o
                0x08004a94                USBD_StdDevReq
 .text.USBD_StdItfReq
                0x08004b16       0x90 build/usbd_ctlreq.o
                0x08004b16                USBD_StdItfReq
 .text.USBD_StdEPReq
                0x08004ba6      0x23e build/usbd_ctlreq.o
                0x08004ba6                USBD_StdEPReq
 .text.USBD_GetString
                0x08004de4       0x46 build/usbd_ctlreq.o
                0x08004de4                USBD_GetString
 .text.USBD_CtlSendData
                0x08004e2a       0x1c build/usbd_ioreq.o
                0x08004e2a                USBD_CtlSendData
 .text.USBD_CtlContinueSendData
                0x08004e46       0x10 build/usbd_ioreq.o
                0x08004e46                USBD_CtlContinueSendData
 .text.USBD_CtlPrepareRx
                0x08004e56       0x22 build/usbd_ioreq.o
                0x08004e56                USBD_CtlPrepareRx
 .text.USBD_CtlContinueRx
                0x08004e78       0x10 build/usbd_ioreq.o
                0x08004e78                USBD_CtlContinueRx
 .text.USBD_CtlSendStatus
                0x08004e88       0x16 build/usbd_ioreq.o
                0x08004e88                USBD_CtlSendStatus
 .text.USBD_CtlReceiveStatus
                0x08004e9e       0x16 build/usbd_ioreq.o
                0x08004e9e                USBD_CtlReceiveStatus
 .text.USBD_CDC_EP0_RxReady
                0x08004eb4       0x40 build/usbd_cdc.o
 .text.USBD_CDC_GetDeviceQualifierDescriptor
                0x08004ef4        0xc build/usbd_cdc.o
                0x08004ef4                USBD_CDC_GetDeviceQualifierDescriptor
 .text.USBD_CDC_GetOtherSpeedCfgDesc
                0x08004f00       0x48 build/usbd_cdc.o
 .text.USBD_CDC_GetFSCfgDesc
                0x08004f48       0x48 build/usbd_cdc.o
 .text.USBD_CDC_GetHSCfgDesc
                0x08004f90       0x48 build/usbd_cdc.o
 .text.USBD_CDC_DataOut
                0x08004fd8       0x38 build/usbd_cdc.o
 .text.USBD_CDC_DataIn
                0x08005010       0x7e build/usbd_cdc.o
 .text.USBD_CDC_Setup
                0x0800508e      0x110 build/usbd_cdc.o
 .text.USBD_CDC_DeInit
                0x0800519e       0x64 build/usbd_cdc.o
 .text.USBD_CDC_Init
                0x08005202       0xec build/usbd_cdc.o
 .text.USBD_CDC_RegisterInterface
                0x080052ee       0x16 build/usbd_cdc.o
                0x080052ee                USBD_CDC_RegisterInterface
 .text.USBD_CDC_SetTxBuffer
                0x08005304       0x1c build/usbd_cdc.o
                0x08005304                USBD_CDC_SetTxBuffer
 .text.USBD_CDC_SetRxBuffer
                0x08005320       0x18 build/usbd_cdc.o
                0x08005320                USBD_CDC_SetRxBuffer
 .text.USBD_CDC_ReceivePacket
                0x08005338       0x38 build/usbd_cdc.o
                0x08005338                USBD_CDC_ReceivePacket
 .text._sbrk    0x08005370       0x4c build/sysmem.o
                0x08005370                _sbrk
 .text._read    0x080053bc       0x20 build/syscalls.o
                0x080053bc                _read
 .text._write   0x080053dc       0x1c build/syscalls.o
                0x080053dc                _write
 .text._close   0x080053f8        0x6 build/syscalls.o
                0x080053f8                _close
 .text._fstat   0x080053fe        0xa build/syscalls.o
                0x080053fe                _fstat
 .text._isatty  0x08005408        0x4 build/syscalls.o
                0x08005408                _isatty
 .text._lseek   0x0800540c        0x4 build/syscalls.o
                0x0800540c                _lseek
 .text.Reset_Handler
                0x08005410       0x54 build/startup_stm32h723xx.o
                0x08005410                Reset_Handler
 .text.Default_Handler
                0x08005464        0x2 build/startup_stm32h723xx.o
                0x08005464                RTC_Alarm_IRQHandler
                0x08005464                EXTI2_IRQHandler
                0x08005464                TIM8_CC_IRQHandler
                0x08005464                UART8_IRQHandler
                0x08005464                SPI4_IRQHandler
                0x08005464                FDCAN3_IT0_IRQHandler
                0x08005464                TIM1_CC_IRQHandler
                0x08005464                BDMA_Channel6_IRQHandler
                0x08005464                DMA2_Stream5_IRQHandler
                0x08005464                DMA1_Stream5_IRQHandler
                0x08005464                CORDIC_IRQHandler
                0x08005464                BDMA_Channel1_IRQHandler
                0x08005464                TAMP_STAMP_IRQHandler
                0x08005464                EXTI3_IRQHandler
                0x08005464                LPTIM4_IRQHandler
                0x08005464                TIM8_TRG_COM_TIM14_IRQHandler
                0x08005464                LPTIM2_IRQHandler
                0x08005464                DFSDM1_FLT1_IRQHandler
                0x08005464                DMAMUX2_OVR_IRQHandler
                0x08005464                TIM8_UP_TIM13_IRQHandler
                0x08005464                I2C3_ER_IRQHandler
                0x08005464                DFSDM1_FLT2_IRQHandler
                0x08005464                I2C5_EV_IRQHandler
                0x08005464                USART10_IRQHandler
                0x08005464                MDMA_IRQHandler
                0x08005464                LPTIM3_IRQHandler
                0x08005464                HSEM1_IRQHandler
                0x08005464                EXTI0_IRQHandler
                0x08005464                I2C2_EV_IRQHandler
                0x08005464                DMA1_Stream2_IRQHandler
                0x08005464                FPU_IRQHandler
                0x08005464                OTG_HS_WKUP_IRQHandler
                0x08005464                FDCAN1_IT1_IRQHandler
                0x08005464                LTDC_ER_IRQHandler
                0x08005464                DMA2_Stream2_IRQHandler
                0x08005464                SPI1_IRQHandler
                0x08005464                OCTOSPI1_IRQHandler
                0x08005464                TIM6_DAC_IRQHandler
                0x08005464                DMA2_Stream3_IRQHandler
                0x08005464                OCTOSPI2_IRQHandler
                0x08005464                DFSDM1_FLT3_IRQHandler
                0x08005464                TIM23_IRQHandler
                0x08005464                USART6_IRQHandler
                0x08005464                TIM17_IRQHandler
                0x08005464                USART3_IRQHandler
                0x08005464                BDMA_Channel7_IRQHandler
                0x08005464                LPTIM5_IRQHandler
                0x08005464                UART5_IRQHandler
                0x08005464                ADC3_IRQHandler
                0x08005464                DMA2_Stream0_IRQHandler
                0x08005464                TIM4_IRQHandler
                0x08005464                BDMA_Channel2_IRQHandler
                0x08005464                I2C1_EV_IRQHandler
                0x08005464                DMA1_Stream6_IRQHandler
                0x08005464                DMAMUX1_OVR_IRQHandler
                0x08005464                DMA1_Stream1_IRQHandler
                0x08005464                TIM16_IRQHandler
                0x08005464                UART4_IRQHandler
                0x08005464                BDMA_Channel5_IRQHandler
                0x08005464                TIM3_IRQHandler
                0x08005464                RCC_IRQHandler
                0x08005464                UART9_IRQHandler
                0x08005464                TIM8_BRK_TIM12_IRQHandler
                0x08005464                TIM1_TRG_COM_IRQHandler
                0x08005464                Default_Handler
                0x08005464                ECC_IRQHandler
                0x08005464                FMAC_IRQHandler
                0x08005464                CEC_IRQHandler
                0x08005464                EXTI15_10_IRQHandler
                0x08005464                BDMA_Channel0_IRQHandler
                0x08005464                ADC_IRQHandler
                0x08005464                I2C5_ER_IRQHandler
                0x08005464                DMA1_Stream7_IRQHandler
                0x08005464                SPI5_IRQHandler
                0x08005464                TIM7_IRQHandler
                0x08005464                FDCAN3_IT1_IRQHandler
                0x08005464                SDMMC1_IRQHandler
                0x08005464                TIM5_IRQHandler
                0x08005464                DMA2_Stream7_IRQHandler
                0x08005464                TIM15_IRQHandler
                0x08005464                PVD_AVD_IRQHandler
                0x08005464                I2C3_EV_IRQHandler
                0x08005464                EXTI9_5_IRQHandler
                0x08005464                RTC_WKUP_IRQHandler
                0x08005464                LTDC_IRQHandler
                0x08005464                ETH_WKUP_IRQHandler
                0x08005464                SPDIF_RX_IRQHandler
                0x08005464                SPI2_IRQHandler
                0x08005464                OTG_HS_EP1_IN_IRQHandler
                0x08005464                DMA1_Stream0_IRQHandler
                0x08005464                TIM24_IRQHandler
                0x08005464                CRS_IRQHandler
                0x08005464                EXTI4_IRQHandler
                0x08005464                RNG_IRQHandler
                0x08005464                FDCAN2_IT1_IRQHandler
                0x08005464                ETH_IRQHandler
                0x08005464                TIM1_UP_IRQHandler
                0x08005464                BDMA_Channel4_IRQHandler
                0x08005464                OTG_HS_EP1_OUT_IRQHandler
                0x08005464                WWDG_IRQHandler
                0x08005464                SPI6_IRQHandler
                0x08005464                MDIOS_IRQHandler
                0x08005464                I2C4_EV_IRQHandler
                0x08005464                FDCAN2_IT0_IRQHandler
                0x08005464                LPUART1_IRQHandler
                0x08005464                FDCAN1_IT0_IRQHandler
                0x08005464                TIM2_IRQHandler
                0x08005464                DMA2D_IRQHandler
                0x08005464                TIM1_BRK_IRQHandler
                0x08005464                EXTI1_IRQHandler
                0x08005464                SDMMC2_IRQHandler
                0x08005464                BDMA_Channel3_IRQHandler
                0x08005464                DTS_IRQHandler
                0x08005464                UART7_IRQHandler
                0x08005464                MDIOS_WKUP_IRQHandler
                0x08005464                USART2_IRQHandler
                0x08005464                DFSDM1_FLT0_IRQHandler
                0x08005464                SAI4_IRQHandler
                0x08005464                I2C2_ER_IRQHandler
                0x08005464                DMA2_Stream1_IRQHandler
                0x08005464                FLASH_IRQHandler
                0x08005464                DMA2_Stream4_IRQHandler
                0x08005464                USART1_IRQHandler
                0x08005464                SPI3_IRQHandler
                0x08005464                WAKEUP_PIN_IRQHandler
                0x08005464                DMA1_Stream4_IRQHandler
                0x08005464                I2C1_ER_IRQHandler
                0x08005464                FMC_IRQHandler
                0x08005464                FDCAN_CAL_IRQHandler
                0x08005464                SWPMI1_IRQHandler
                0x08005464                COMP1_IRQHandler
                0x08005464                LPTIM1_IRQHandler
                0x08005464                DCMI_PSSI_IRQHandler
                0x08005464                I2C4_ER_IRQHandler
                0x08005464                DMA2_Stream6_IRQHandler
                0x08005464                SAI1_IRQHandler
                0x08005464                DMA1_Stream3_IRQHandler
 *fill*         0x08005466        0x2 
 .text.std      0x08005468       0x6c /opt/arm-gnu-toolchain-15.2.rel1-x86_64-arm-none-eabi/bin/../lib/gcc/arm-none-eabi/15.2.1/../../../../arm-none-eabi/lib/thumb/v7e-m+dp/hard/libc_nano.a(libc_a-findfp.o)
 .text.stdio_exit_handler
                0x080054d4       0x18 /opt/arm-gnu-toolchain-15.2.rel1-x86_64-arm-none-eabi/bin/../lib/gcc/arm-none-eabi/15.2.1/../../../../arm-none-eabi/lib/thumb/v7e-m+dp/hard/libc_nano.a(libc_a-findfp.o)
 .text.cleanup_stdio
                0x080054ec       0x40 /opt/arm-gnu-toolchain-15.2.rel1-x86_64-arm-none-eabi/bin/../lib/gcc/arm-none-eabi/15.2.1/../../../../arm-none-eabi/lib/thumb/v7e-m+dp/hard/libc_nano.a(libc_a-findfp.o)
 .text.global_stdio_init.part.0
                0x0800552c       0x40 /opt/arm-gnu-toolchain-15.2.rel1-x86_64-arm-none-eabi/bin/../lib/gcc/arm-none-eabi/15.2.1/../../../../arm-none-eabi/lib/thumb/v7e-m+dp/hard/libc_nano.a(libc_a-findfp.o)
 .text.__sfp_lock_acquire
                0x0800556c        0xc /opt/arm-gnu-toolchain-15.2.rel1-x86_64-arm-none-eabi/bin/../lib/gcc/arm-none-eabi/15.2.1/../../../../arm-none-eabi/lib/thumb/v7e-m+dp/hard/libc_nano.a(libc_a-findfp.o)
                0x0800556c                __sfp_lock_acquire
 .text.__sfp_lock_release
                0x08005578        0xc /opt/arm-gnu-toolchain-15.2.rel1-x86_64-arm-none-eabi/bin/../lib/gcc/arm-none-eabi/15.2.1/../../../../arm-none-eabi/lib/thumb/v7e-m+dp/hard/libc_nano.a(libc_a-findfp.o)
                0x08005578                __sfp_lock_release
 .text.__sinit  0x08005584       0x30 /opt/arm-gnu-toolchain-15.2.rel1-x86_64-arm-none-eabi/bin/../lib/gcc/arm-none-eabi/15.2.1/../../../../arm-none-eabi/lib/thumb/v7e-m+dp/hard/libc_nano.a(libc_a-findfp.o)
                0x08005584                __sinit
 .text._fwalk_sglue
                0x080055b4       0x3a /opt/arm-gnu-toolchain-15.2.rel1-x86_64-arm-none-eabi/bin/../lib/gcc/arm-none-eabi/15.2.1/../../../../arm-none-eabi/lib/thumb/v7e-m+dp/hard/libc_nano.a(libc_a-fwalk.o)
                0x080055b4                _fwalk_sglue
 *fill*         0x080055ee        0x2 
 .text.printf   0x080055f0       0x24 /opt/arm-gnu-toolchain-15.2.rel1-x86_64-arm-none-eabi/bin/../lib/gcc/arm-none-eabi/15.2.1/../../../../arm-none-eabi/lib/thumb/v7e-m+dp/hard/libc_nano.a(libc_a-printf.o)
                0x080055f0                printf
                0x080055f0                iprintf
 .text.putchar  0x08005614       0x10 /opt/arm-gnu-toolchain-15.2.rel1-x86_64-arm-none-eabi/bin/../lib/gcc/arm-none-eabi/15.2.1/../../../../arm-none-eabi/lib/thumb/v7e-m+dp/hard/libc_nano.a(libc_a-putchar.o)
                0x08005614                putchar
 .text.__sread  0x08005624       0x22 /opt/arm-gnu-toolchain-15.2.rel1-x86_64-arm-none-eabi/bin/../lib/gcc/arm-none-eabi/15.2.1/../../../../arm-none-eabi/lib/thumb/v7e-m+dp/hard/libc_nano.a(libc_a-stdio.o)
                0x08005624                __sread
 .text.__swrite
                0x08005646       0x38 /opt/arm-gnu-toolchain-15.2.rel1-x86_64-arm-none-eabi/bin/../lib/gcc/arm-none-eabi/15.2.1/../../../../arm-none-eabi/lib/thumb/v7e-m+dp/hard/libc_nano.a(libc_a-stdio.o)
                0x08005646                __swrite
 .text.__sseek  0x0800567e       0x26 /opt/arm-gnu-toolchain-15.2.rel1-x86_64-arm-none-eabi/bin/../lib/gcc/arm-none-eabi/15.2.1/../../../../arm-none-eabi/lib/thumb/v7e-m+dp/hard/libc_nano.a(libc_a-stdio.o)
                0x0800567e                __sseek
 .text.__sclose
                0x080056a4        0x8 /opt/arm-gnu-toolchain-15.2.rel1-x86_64-arm-none-eabi/bin/../lib/gcc/arm-none-eabi/15.2.1/../../../../arm-none-eabi/lib/thumb/v7e-m+dp/hard/libc_nano.a(libc_a-stdio.o)
                0x080056a4                __sclose
 .text.memset   0x080056ac       0x10 /opt/arm-gnu-toolchain-15.2.rel1-x86_64-arm-none-eabi/bin/../lib/gcc/arm-none-eabi/15.2.1/../../../../arm-none-eabi/lib/thumb/v7e-m+dp/hard/libc_nano.a(libc_a-memset.o)
                0x080056ac                memset
 .text._close_r
                0x080056bc       0x20 /opt/arm-gnu-toolchain-15.2.rel1-x86_64-arm-none-eabi/bin/../lib/gcc/arm-none-eabi/15.2.1/../../../../arm-none-eabi/lib/thumb/v7e-m+dp/hard/libc_nano.a(libc_a-closer.o)
                0x080056bc                _close_r
 .text._lseek_r
                0x080056dc       0x24 /opt/arm-gnu-toolchain-15.2.rel1-x86_64-arm-none-eabi/bin/../lib/gcc/arm-none-eabi/15.2.1/../../../../arm-none-eabi/lib/thumb/v7e-m+dp/hard/libc_nano.a(libc_a-lseekr.o)
                0x080056dc                _lseek_r
 .text._read_r  0x08005700       0x24 /opt/arm-gnu-toolchain-15.2.rel1-x86_64-arm-none-eabi/bin/../lib/gcc/arm-none-eabi/15.2.1/../../../../arm-none-eabi/lib/thumb/v7e-m+dp/hard/libc_nano.a(libc_a-readr.o)
                0x08005700                _read_r
 .text._write_r
                0x08005724       0x24 /opt/arm-gnu-toolchain-15.2.rel1-x86_64-arm-none-eabi/bin/../lib/gcc/arm-none-eabi/15.2.1/../../../../arm-none-eabi/lib/thumb/v7e-m+dp/hard/libc_nano.a(libc_a-writer.o)
                0x08005724                _write_r
 .text.__errno  0x08005748        0xc /opt/arm-gnu-toolchain-15.2.rel1-x86_64-arm-none-eabi/bin/../lib/gcc/arm-none-eabi/15.2.1/../../../../arm-none-eabi/lib/thumb/v7e-m+dp/hard/libc_nano.a(libc_a-errno.o)
                0x08005748                __errno
 .text.__libc_init_array
                0x08005754       0x48 /opt/arm-gnu-toolchain-15.2.rel1-x86_64-arm-none-eabi/bin/../lib/gcc/arm-none-eabi/15.2.1/../../../../arm-none-eabi/lib/thumb/v7e-m+dp/hard/libc_nano.a(libc_a-init.o)
                0x08005754                __libc_init_array
 .text.__retarget_lock_init_recursive
                0x0800579c        0x2 /opt/arm-gnu-toolchain-15.2.rel1-x86_64-arm-none-eabi/bin/../lib/gcc/arm-none-eabi/15.2.1/../../../../arm-none-eabi/lib/thumb/v7e-m+dp/hard/libc_nano.a(libc_a-lock.o)
                0x0800579c                __retarget_lock_init_recursive
 .text.__retarget_lock_acquire_recursive
                0x0800579e        0x2 /opt/arm-gnu-toolchain-15.2.rel1-x86_64-arm-none-eabi/bin/../lib/gcc/arm-none-eabi/15.2.1/../../../../arm-none-eabi/lib/thumb/v7e-m+dp/hard/libc_nano.a(libc_a-lock.o)
                0x0800579e                __retarget_lock_acquire_recursive
 .text.__retarget_lock_release_recursive
                0x080057a0        0x2 /opt/arm-gnu-toolchain-15.2.rel1-x86_64-arm-none-eabi/bin/../lib/gcc/arm-none-eabi/15.2.1/../../../../arm-none-eabi/lib/thumb/v7e-m+dp/hard/libc_nano.a(libc_a-lock.o)
                0x080057a0                __retarget_lock_release_recursive
 *fill*         0x080057a2        0x2 
 .text._free_r  0x080057a4       0x98 /opt/arm-gnu-toolchain-15.2.rel1-x86_64-arm-none-eabi/bin/../lib/gcc/arm-none-eabi/15.2.1/../../../../arm-none-eabi/lib/thumb/v7e-m+dp/hard/libc_nano.a(libc_a-freer.o)
                0x080057a4                _free_r
 .text.sbrk_aligned
                0x0800583c       0x44 /opt/arm-gnu-toolchain-15.2.rel1-x86_64-arm-none-eabi/bin/../lib/gcc/arm-none-eabi/15.2.1/../../../../arm-none-eabi/lib/thumb/v7e-m+dp/hard/libc_nano.a(libc_a-mallocr.o)
 .text._malloc_r
                0x08005880       0xf8 /opt/arm-gnu-toolchain-15.2.rel1-x86_64-arm-none-eabi/bin/../lib/gcc/arm-none-eabi/15.2.1/../../../../arm-none-eabi/lib/thumb/v7e-m+dp/hard/libc_nano.a(libc_a-mallocr.o)
                0x08005880                _malloc_r
 .text.__malloc_lock
                0x08005978        0xc /opt/arm-gnu-toolchain-15.2.rel1-x86_64-arm-none-eabi/bin/../lib/gcc/arm-none-eabi/15.2.1/../../../../arm-none-eabi/lib/thumb/v7e-m+dp/hard/libc_nano.a(libc_a-mlock.o)
                0x08005978                __malloc_lock
 .text.__malloc_unlock
                0x08005984        0xc /opt/arm-gnu-toolchain-15.2.rel1-x86_64-arm-none-eabi/bin/../lib/gcc/arm-none-eabi/15.2.1/../../../../arm-none-eabi/lib/thumb/v7e-m+dp/hard/libc_nano.a(libc_a-mlock.o)
                0x08005984                __malloc_unlock
 .text.__sfputc_r
                0x08005990       0x2a /opt/arm-gnu-toolchain-15.2.rel1-x86_64-arm-none-eabi/bin/../lib/gcc/arm-none-eabi/15.2.1/../../../../arm-none-eabi/lib/thumb/v7e-m+dp/hard/libc_nano.a(libc_a-nano-vfprintf.o)
 .text.__sfputs_r
                0x080059ba       0x24 /opt/arm-gnu-toolchain-15.2.rel1-x86_64-arm-none-eabi/bin/../lib/gcc/arm-none-eabi/15.2.1/../../../../arm-none-eabi/lib/thumb/v7e-m+dp/hard/libc_nano.a(libc_a-nano-vfprintf.o)
                0x080059ba                __sfputs_r
 *fill*         0x080059de        0x2 
 .text._vfprintf_r
                0x080059e0      0x228 /opt/arm-gnu-toolchain-15.2.rel1-x86_64-arm-none-eabi/bin/../lib/gcc/arm-none-eabi/15.2.1/../../../../arm-none-eabi/lib/thumb/v7e-m+dp/hard/libc_nano.a(libc_a-nano-vfprintf.o)
                0x080059e0                _vfiprintf_r
                0x080059e0                _vfprintf_r
 .text._printf_common
                0x08005c08       0xea /opt/arm-gnu-toolchain-15.2.rel1-x86_64-arm-none-eabi/bin/../lib/gcc/arm-none-eabi/15.2.1/../../../../arm-none-eabi/lib/thumb/v7e-m+dp/hard/libc_nano.a(libc_a-nano-vfprintf_i.o)
                0x08005c08                _printf_common
 *fill*         0x08005cf2        0x2 
 .text._printf_i
                0x08005cf4      0x254 /opt/arm-gnu-toolchain-15.2.rel1-x86_64-arm-none-eabi/bin/../lib/gcc/arm-none-eabi/15.2.1/../../../../arm-none-eabi/lib/thumb/v7e-m+dp/hard/libc_nano.a(libc_a-nano-vfprintf_i.o)
                0x08005cf4                _printf_i
 .text.__sflush_r
                0x08005f48      0x100 /opt/arm-gnu-toolchain-15.2.rel1-x86_64-arm-none-eabi/bin/../lib/gcc/arm-none-eabi/15.2.1/../../../../arm-none-eabi/lib/thumb/v7e-m+dp/hard/libc_nano.a(libc_a-fflush.o)
                0x08005f48                __sflush_r
 .text._fflush_r
                0x08006048       0x50 /opt/arm-gnu-toolchain-15.2.rel1-x86_64-arm-none-eabi/bin/../lib/gcc/arm-none-eabi/15.2.1/../../../../arm-none-eabi/lib/thumb/v7e-m+dp/hard/libc_nano.a(libc_a-fflush.o)
                0x08006048                _fflush_r
 .text._putc_r  0x08006098       0x68 /opt/arm-gnu-toolchain-15.2.rel1-x86_64-arm-none-eabi/bin/../lib/gcc/arm-none-eabi/15.2.1/../../../../arm-none-eabi/lib/thumb/v7e-m+dp/hard/libc_nano.a(libc_a-putc.o)
                0x08006098                _putc_r
 .text.__swbuf_r
                0x08006100       0x7a /opt/arm-gnu-toolchain-15.2.rel1-x86_64-arm-none-eabi/bin/../lib/gcc/arm-none-eabi/15.2.1/../../../../arm-none-eabi/lib/thumb/v7e-m+dp/hard/libc_nano.a(libc_a-wbuf.o)
                0x08006100                __swbuf_r
 *fill*         0x0800617a        0x2 
 .text.__swsetup_r
                0x0800617c       0xa8 /opt/arm-gnu-toolchain-15.2.rel1-x86_64-arm-none-eabi/bin/../lib/gcc/arm-none-eabi/15.2.1/../../../../arm-none-eabi/lib/thumb/v7e-m+dp/hard/libc_nano.a(libc_a-wsetup.o)
                0x0800617c                __swsetup_r
 .text._sbrk_r  0x08006224       0x20 /opt/arm-gnu-toolchain-15.2.rel1-x86_64-arm-none-eabi/bin/../lib/gcc/arm-none-eabi/15.2.1/../../../../arm-none-eabi/lib/thumb/v7e-m+dp/hard/libc_nano.a(libc_a-sbrkr.o)
                0x08006224                _sbrk_r
 .text.__swhatbuf_r
                0x08006244       0x48 /opt/arm-gnu-toolchain-15.2.rel1-x86_64-arm-none-eabi/bin/../lib/gcc/arm-none-eabi/15.2.1/../../../../arm-none-eabi/lib/thumb/v7e-m+dp/hard/libc_nano.a(libc_a-makebuf.o)
                0x08006244                __swhatbuf_r
 .text.__smakebuf_r
                0x0800628c       0x72 /opt/arm-gnu-toolchain-15.2.rel1-x86_64-arm-none-eabi/bin/../lib/gcc/arm-none-eabi/15.2.1/../../../../arm-none-eabi/lib/thumb/v7e-m+dp/hard/libc_nano.a(libc_a-makebuf.o)
                0x0800628c                __smakebuf_r
 *fill*         0x080062fe        0x2 
 .text._fstat_r
                0x08006300       0x24 /opt/arm-gnu-toolchain-15.2.rel1-x86_64-arm-none-eabi/bin/../lib/gcc/arm-none-eabi/15.2.1/../../../../arm-none-eabi/lib/thumb/v7e-m+dp/hard/libc_nano.a(libc_a-fstatr.o)
                0x08006300                _fstat_r
 .text._isatty_r
                0x08006324       0x20 /opt/arm-gnu-toolchain-15.2.rel1-x86_64-arm-none-eabi/bin/../lib/gcc/arm-none-eabi/15.2.1/../../../../arm-none-eabi/lib/thumb/v7e-m+dp/hard/libc_nano.a(libc_a-isattyr.o)
                0x08006324                _isatty_r
 *(.glue_7)
 .glue_7        0x08006344        0x0 linker stubs
 *(.glue_7t)
 .glue_7t       0x08006344        0x0 linker stubs
 *(.eh_frame)
 .eh_frame      0x08006344        0x0 /opt/arm-gnu-toolchain-15.2.rel1-x86_64-arm-none-eabi/bin/../lib/gcc/arm-none-eabi/15.2.1/thumb/v7e-m+dp/hard/crtbegin.o
 *(.init)
 .init          0x08006344        0x4 /opt/arm-gnu-toolchain-15.2.rel1-x86_64-arm-none-eabi/bin/../lib/gcc/arm-none-eabi/15.2.1/thumb/v7e-m+dp/hard/crti.o
                0x08006344                _init
 .init          0x08006348        0x8 /opt/arm-gnu-toolchain-15.2.rel1-x86_64-arm-none-eabi/bin/../lib/gcc/arm-none-eabi/15.2.1/thumb/v7e-m+dp/hard/crtn.o
 *(.fini)
 .fini          0x08006350        0x4 /opt/arm-gnu-toolchain-15.2.rel1-x86_64-arm-none-eabi/bin/../lib/gcc/arm-none-eabi/15.2.1/thumb/v7e-m+dp/hard/crti.o
                0x08006350                _fini
 .fini          0x08006354        0x8 /opt/arm-gnu-toolchain-15.2.rel1-x86_64-arm-none-eabi/bin/../lib/gcc/arm-none-eabi/15.2.1/thumb/v7e-m+dp/hard/crtn.o
                0x0800635c                        . = ALIGN (0x4)
                0x0800635c                        _etext = .

.vfp11_veneer   0x0800635c        0x0
 .vfp11_veneer  0x0800635c        0x0 linker stubs

.v4_bx          0x0800635c        0x0
 .v4_bx         0x0800635c        0x0 linker stubs

.iplt           0x0800635c        0x0
 .iplt          0x0800635c        0x0 /opt/arm-gnu-toolchain-15.2.rel1-x86_64-arm-none-eabi/bin/../lib/gcc/arm-none-eabi/15.2.1/thumb/v7e-m+dp/hard/crtbegin.o

.rodata         0x0800635c       0xc4
                0x0800635c                        . = ALIGN (0x4)
 *(.rodata)
 *(.rodata*)
 .rodata.USBD_HS_ProductStrDescriptor.str1.4
                0x0800635c       0x7d build/usbd_desc.o
                                 0x16 (size before relaxing)
 .rodata.USBD_HS_ManufacturerStrDescriptor.str1.4
                0x080063d9        0x0 build/usbd_desc.o
                                 0x13 (size before relaxing)
 .rodata.USBD_HS_ConfigStrDescriptor.str1.4
                0x080063d9        0x0 build/usbd_desc.o
                                  0xb (size before relaxing)
 .rodata.USBD_HS_InterfaceStrDescriptor.str1.4
                0x080063d9        0x0 build/usbd_desc.o
                                  0xe (size before relaxing)
 *fill*         0x080063d9        0x3 
 .rodata.D1CorePrescTable
                0x080063dc       0x10 build/system_stm32h7xx.o
                0x080063dc                D1CorePrescTable
 .rodata.USBD_Init.str1.4
                0x080063ec        0x0 build/usbd_core.o
                                 0x1e (size before relaxing)
 .rodata.USBD_RegisterClass.str1.4
                0x080063ec        0x0 build/usbd_core.o
                                 0x15 (size before relaxing)
 .rodata._vfprintf_r.str1.1
                0x080063ec       0x33 /opt/arm-gnu-toolchain-15.2.rel1-x86_64-arm-none-eabi/bin/../lib/gcc/arm-none-eabi/15.2.1/../../../../arm-none-eabi/lib/thumb/v7e-m+dp/hard/libc_nano.a(libc_a-nano-vfprintf.o)
                                 0x11 (size before relaxing)
 .rodata._printf_i.str1.1
                0x0800641f        0x0 /opt/arm-gnu-toolchain-15.2.rel1-x86_64-arm-none-eabi/bin/../lib/gcc/arm-none-eabi/15.2.1/../../../../arm-none-eabi/lib/thumb/v7e-m+dp/hard/libc_nano.a(libc_a-nano-vfprintf_i.o)
                                 0x22 (size before relaxing)
                0x08006420                        . = ALIGN (0x4)
 *fill*         0x0800641f        0x1 

.ARM.extab      0x08006420        0x0
                0x08006420                        . = ALIGN (0x4)
 *(.ARM.extab* .gnu.linkonce.armextab.*)
                0x08006420                        . = ALIGN (0x4)

.ARM            0x08006420        0x8
                0x08006420                        . = ALIGN (0x4)
                0x08006420                        __exidx_start = .
 *(.ARM.exidx*)
 .ARM.exidx     0x08006420        0x8 /opt/arm-gnu-toolchain-15.2.rel1-x86_64-arm-none-eabi/bin/../lib/gcc/arm-none-eabi/15.2.1/../../../../arm-none-eabi/lib/thumb/v7e-m+dp/hard/libc_nano.a(libc_a-memchr.o)
                0x08006428                        __exidx_end = .
                0x08006428                        . = ALIGN (0x4)

.preinit_array  0x08006428        0x0
                0x08006428                        . = ALIGN (0x4)
                0x08006428                        PROVIDE (__preinit_array_start = .)
 *(.preinit_array*)
                0x08006428                        PROVIDE (__preinit_array_end = .)
                0x08006428                        . = ALIGN (0x4)

.init_array     0x08006428        0x4
                0x08006428                        . = ALIGN (0x4)
                0x08006428                        PROVIDE (__init_array_start = .)
 *(SORT_BY_NAME(.init_array.*))
 *(.init_array*)
 .init_array    0x08006428        0x4 /opt/arm-gnu-toolchain-15.2.rel1-x86_64-arm-none-eabi/bin/../lib/gcc/arm-none-eabi/15.2.1/thumb/v7e-m+dp/hard/crtbegin.o
                0x0800642c                        PROVIDE (__init_array_end = .)
                0x0800642c                        . = ALIGN (0x4)

.fini_array     0x0800642c        0x4
                0x0800642c                        . = ALIGN (0x4)
                [!provide]                        PROVIDE (__fini_array_start = .)
 *(SORT_BY_NAME(.fini_array.*))
 *(.fini_array*)
 .fini_array    0x0800642c        0x4 /opt/arm-gnu-toolchain-15.2.rel1-x86_64-arm-none-eabi/bin/../lib/gcc/arm-none-eabi/15.2.1/thumb/v7e-m+dp/hard/crtbegin.o
                [!provide]                        PROVIDE (__fini_array_end = .)
                0x08006430                        . = ALIGN (0x4)
                0x08006430                        _sidata = LOADADDR (.data)

.rel.dyn        0x08006430        0x0
 .rel.iplt      0x08006430        0x0 /opt/arm-gnu-toolchain-15.2.rel1-x86_64-arm-none-eabi/bin/../lib/gcc/arm-none-eabi/15.2.1/thumb/v7e-m+dp/hard/crtbegin.o

.data           0x20000000      0x15c load address 0x08006430
                0x20000000                        . = ALIGN (0x4)
                0x20000000                        _sdata = .
 *(.data)
 *(.data*)
 .data.USBD_StringSerial
                0x20000000       0x1a build/usbd_desc.o
                0x20000000                USBD_StringSerial
 *fill*         0x2000001a        0x2 
 .data.USBD_LangIDDesc
                0x2000001c        0x4 build/usbd_desc.o
                0x2000001c                USBD_LangIDDesc
 .data.USBD_HS_DeviceDesc
                0x20000020       0x12 build/usbd_desc.o
                0x20000020                USBD_HS_DeviceDesc
 *fill*         0x20000032        0x2 
 .data.HS_Desc  0x20000034       0x20 build/usbd_desc.o
                0x20000034                HS_Desc
 .data.USBD_Interface_fops_HS
                0x20000054       0x14 build/usbd_cdc_if.o
                0x20000054                USBD_Interface_fops_HS
 .data.uwTickFreq
                0x20000068        0x1 build/stm32h7xx_hal.o
                0x20000068                uwTickFreq
 *fill*         0x20000069        0x3 
 .data.uwTickPrio
                0x2000006c        0x4 build/stm32h7xx_hal.o
                0x2000006c                uwTickPrio
 .data.SystemD2Clock
                0x20000070        0x4 build/system_stm32h7xx.o
                0x20000070                SystemD2Clock
 .data.SystemCoreClock
                0x20000074        0x4 build/system_stm32h7xx.o
                0x20000074                SystemCoreClock
 .data.USBD_CDC_CfgDesc
                0x20000078       0x43 build/usbd_cdc.o
 *fill*         0x200000bb        0x1 
 .data.USBD_CDC
                0x200000bc       0x38 build/usbd_cdc.o
                0x200000bc                USBD_CDC
 .data.USBD_CDC_DeviceQualifierDesc
                0x200000f4        0xa build/usbd_cdc.o
 *fill*         0x200000fe        0x2 
 .data.__sglue  0x20000100        0xc /opt/arm-gnu-toolchain-15.2.rel1-x86_64-arm-none-eabi/bin/../lib/gcc/arm-none-eabi/15.2.1/../../../../arm-none-eabi/lib/thumb/v7e-m+dp/hard/libc_nano.a(libc_a-findfp.o)
                0x20000100                __sglue
 .data._impure_ptr
                0x2000010c        0x4 /opt/arm-gnu-toolchain-15.2.rel1-x86_64-arm-none-eabi/bin/../lib/gcc/arm-none-eabi/15.2.1/../../../../arm-none-eabi/lib/thumb/v7e-m+dp/hard/libc_nano.a(libc_a-impure.o)
                0x2000010c                _impure_ptr
 .data._impure_data
                0x20000110       0x4c /opt/arm-gnu-toolchain-15.2.rel1-x86_64-arm-none-eabi/bin/../lib/gcc/arm-none-eabi/15.2.1/../../../../arm-none-eabi/lib/thumb/v7e-m+dp/hard/libc_nano.a(libc_a-impure.o)
                0x20000110                _impure_data
 *(.RamFunc)
 *(.RamFunc*)
                0x2000015c                        . = ALIGN (0x4)
                0x2000015c                        _edata = .

.tm_clone_table
                0x2000015c        0x0 load address 0x0800658c
 .tm_clone_table
                0x2000015c        0x0 /opt/arm-gnu-toolchain-15.2.rel1-x86_64-arm-none-eabi/bin/../lib/gcc/arm-none-eabi/15.2.1/thumb/v7e-m+dp/hard/crtbegin.o
 .tm_clone_table
                0x2000015c        0x0 /opt/arm-gnu-toolchain-15.2.rel1-x86_64-arm-none-eabi/bin/../lib/gcc/arm-none-eabi/15.2.1/thumb/v7e-m+dp/hard/crtend.o

.igot.plt       0x2000015c        0x0 load address 0x0800658c
 .igot.plt      0x2000015c        0x0 /opt/arm-gnu-toolchain-15.2.rel1-x86_64-arm-none-eabi/bin/../lib/gcc/arm-none-eabi/15.2.1/thumb/v7e-m+dp/hard/crtbegin.o
                0x2000015c                        . = ALIGN (0x4)

.bss            0x2000015c     0x1d54 load address 0x0800658c
                0x2000015c                        _sbss = .
                0x2000015c                        __bss_start__ = _sbss
 *(.bss)
 *(.bss*)
 .bss.completed.1
                0x2000015c        0x1 /opt/arm-gnu-toolchain-15.2.rel1-x86_64-arm-none-eabi/bin/../lib/gcc/arm-none-eabi/15.2.1/thumb/v7e-m+dp/hard/crtbegin.o
 *fill*         0x2000015d        0x3 
 .bss.object.0  0x20000160       0x18 /opt/arm-gnu-toolchain-15.2.rel1-x86_64-arm-none-eabi/bin/../lib/gcc/arm-none-eabi/15.2.1/thumb/v7e-m+dp/hard/crtbegin.o
 .bss.hUsbDeviceHS
                0x20000178      0x2dc build/usb_device.o
                0x20000178                hUsbDeviceHS
 .bss.USBD_StrDesc
                0x20000454      0x200 build/usbd_desc.o
                0x20000454                USBD_StrDesc
 .bss.UserTxBufferHS
                0x20000654      0x800 build/usbd_cdc_if.o
                0x20000654                UserTxBufferHS
 .bss.UserRxBufferHS
                0x20000e54      0x800 build/usbd_cdc_if.o
                0x20000e54                UserRxBufferHS
 .bss.mem.0     0x20001654      0x220 build/usbd_conf.o
 .bss.hpcd_USB_OTG_HS
                0x20001874      0x4e4 build/usbd_conf.o
                0x20001874                hpcd_USB_OTG_HS
 .bss.uwTick    0x20001d58        0x4 build/stm32h7xx_hal.o
                0x20001d58                uwTick
 .bss.cfgidx.0  0x20001d5c        0x1 build/usbd_ctlreq.o
 *fill*         0x20001d5d        0x3 
 .bss.__sbrk_heap_end
                0x20001d60        0x4 build/sysmem.o
 .bss.__sf      0x20001d64      0x138 /opt/arm-gnu-toolchain-15.2.rel1-x86_64-arm-none-eabi/bin/../lib/gcc/arm-none-eabi/15.2.1/../../../../arm-none-eabi/lib/thumb/v7e-m+dp/hard/libc_nano.a(libc_a-findfp.o)
                0x20001d64                __sf
 .bss.__stdio_exit_handler
                0x20001e9c        0x4 /opt/arm-gnu-toolchain-15.2.rel1-x86_64-arm-none-eabi/bin/../lib/gcc/arm-none-eabi/15.2.1/../../../../arm-none-eabi/lib/thumb/v7e-m+dp/hard/libc_nano.a(libc_a-findfp.o)
                0x20001e9c                __stdio_exit_handler
 .bss.errno     0x20001ea0        0x4 /opt/arm-gnu-toolchain-15.2.rel1-x86_64-arm-none-eabi/bin/../lib/gcc/arm-none-eabi/15.2.1/../../../../arm-none-eabi/lib/thumb/v7e-m+dp/hard/libc_nano.a(libc_a-reent.o)
                0x20001ea0                errno
 .bss.__lock___malloc_recursive_mutex
                0x20001ea4        0x1 /opt/arm-gnu-toolchain-15.2.rel1-x86_64-arm-none-eabi/bin/../lib/gcc/arm-none-eabi/15.2.1/../../../../arm-none-eabi/lib/thumb/v7e-m+dp/hard/libc_nano.a(libc_a-lock.o)
                0x20001ea4                __lock___malloc_recursive_mutex
 .bss.__lock___sfp_recursive_mutex
                0x20001ea5        0x1 /opt/arm-gnu-toolchain-15.2.rel1-x86_64-arm-none-eabi/bin/../lib/gcc/arm-none-eabi/15.2.1/../../../../arm-none-eabi/lib/thumb/v7e-m+dp/hard/libc_nano.a(libc_a-lock.o)
                0x20001ea5                __lock___sfp_recursive_mutex
 *fill*         0x20001ea6        0x2 
 .bss.__malloc_sbrk_start
                0x20001ea8        0x4 /opt/arm-gnu-toolchain-15.2.rel1-x86_64-arm-none-eabi/bin/../lib/gcc/arm-none-eabi/15.2.1/../../../../arm-none-eabi/lib/thumb/v7e-m+dp/hard/libc_nano.a(libc_a-mallocr.o)
                0x20001ea8                __malloc_sbrk_start
 .bss.__malloc_free_list
                0x20001eac        0x4 /opt/arm-gnu-toolchain-15.2.rel1-x86_64-arm-none-eabi/bin/../lib/gcc/arm-none-eabi/15.2.1/../../../../arm-none-eabi/lib/thumb/v7e-m+dp/hard/libc_nano.a(libc_a-mallocr.o)
                0x20001eac                __malloc_free_list
 *(COMMON)
                0x20001eb0                        . = ALIGN (0x4)
                0x20001eb0                        _ebss = .
                0x20001eb0                        __bss_end__ = _ebss

._user_heap_stack
                0x20001eb0      0x600 load address 0x0800658c
                0x20001eb0                        . = ALIGN (0x8)
                [!provide]                        PROVIDE (end = .)
                0x20001eb0                        PROVIDE (_end = .)
                0x200020b0                        . = (. + _Min_Heap_Size)
 *fill*         0x20001eb0      0x200 
                0x200024b0                        . = (. + _Min_Stack_Size)
 *fill*         0x200020b0      0x400 
                0x200024b0                        . = ALIGN (0x8)

/DISCARD/
 libc.a(*)
 libm.a(*)
 libgcc.a(*)
OUTPUT(build/blinky.elf elf32-littlearm)
LOAD linker stubs
LOAD /opt/arm-gnu-toolchain-15.2.rel1-x86_64-arm-none-eabi/bin/../lib/gcc/arm-none-eabi/15.2.1/../../../../arm-none-eabi/lib/thumb/v7e-m+dp/hard/libc.a
LOAD /opt/arm-gnu-toolchain-15.2.rel1-x86_64-arm-none-eabi/bin/../lib/gcc/arm-none-eabi/15.2.1/../../../../arm-none-eabi/lib/thumb/v7e-m+dp/hard/libm.a
LOAD /opt/arm-gnu-toolchain-15.2.rel1-x86_64-arm-none-eabi/bin/../lib/gcc/arm-none-eabi/15.2.1/thumb/v7e-m+dp/hard/libgcc.a

.ARM.attributes
                0x00000000       0x2e
 .ARM.attributes
                0x00000000       0x20 /opt/arm-gnu-toolchain-15.2.rel1-x86_64-arm-none-eabi/bin/../lib/gcc/arm-none-eabi/15.2.1/thumb/v7e-m+dp/hard/crti.o
 .ARM.attributes
                0x00000020       0x32 /opt/arm-gnu-toolchain-15.2.rel1-x86_64-arm-none-eabi/bin/../lib/gcc/arm-none-eabi/15.2.1/thumb/v7e-m+dp/hard/crtbegin.o
 .ARM.attributes
                0x00000052       0x32 build/main.o
 .ARM.attributes
                0x00000084       0x32 build/stm32h7xx_it.o
 .ARM.attributes
                0x000000b6       0x32 build/stm32h7xx_hal_msp.o
 .ARM.attributes
                0x000000e8       0x32 build/usb_device.o
 .ARM.attributes
                0x0000011a       0x32 build/usbd_desc.o
 .ARM.attributes
                0x0000014c       0x32 build/usbd_cdc_if.o
 .ARM.attributes
                0x0000017e       0x32 build/usbd_conf.o
 .ARM.attributes
                0x000001b0       0x32 build/stm32h7xx_hal_pcd.o
 .ARM.attributes
                0x000001e2       0x32 build/stm32h7xx_hal_pcd_ex.o
 .ARM.attributes
                0x00000214       0x32 build/stm32h7xx_ll_usb.o
 .ARM.attributes
                0x00000246       0x32 build/stm32h7xx_hal_rcc.o
 .ARM.attributes
                0x00000278       0x32 build/stm32h7xx_hal_rcc_ex.o
 .ARM.attributes
                0x000002aa       0x32 build/stm32h7xx_hal_gpio.o
 .ARM.attributes
                0x000002dc       0x32 build/stm32h7xx_hal_pwr_ex.o
 .ARM.attributes
                0x0000030e       0x32 build/stm32h7xx_hal_cortex.o
 .ARM.attributes
                0x00000340       0x32 build/stm32h7xx_hal.o
 .ARM.attributes
                0x00000372       0x32 build/system_stm32h7xx.o
 .ARM.attributes
                0x000003a4       0x32 build/usbd_core.o
 .ARM.attributes
                0x000003d6       0x32 build/usbd_ctlreq.o
 .ARM.attributes
                0x00000408       0x32 build/usbd_ioreq.o
 .ARM.attributes
                0x0000043a       0x32 build/usbd_cdc.o
 .ARM.attributes
                0x0000046c       0x32 build/sysmem.o
 .ARM.attributes
                0x0000049e       0x32 build/syscalls.o
 .ARM.attributes
                0x000004d0       0x21 build/startup_stm32h723xx.o
 .ARM.attributes
                0x000004f1       0x32 /opt/arm-gnu-toolchain-15.2.rel1-x86_64-arm-none-eabi/bin/../lib/gcc/arm-none-eabi/15.2.1/../../../../arm-none-eabi/lib/thumb/v7e-m+dp/hard/libc_nano.a(libc_a-findfp.o)
 .ARM.attributes
                0x00000523       0x32 /opt/arm-gnu-toolchain-15.2.rel1-x86_64-arm-none-eabi/bin/../lib/gcc/arm-none-eabi/15.2.1/../../../../arm-none-eabi/lib/thumb/v7e-m+dp/hard/libc_nano.a(libc_a-fwalk.o)
 .ARM.attributes
                0x00000555       0x32 /opt/arm-gnu-toolchain-15.2.rel1-x86_64-arm-none-eabi/bin/../lib/gcc/arm-none-eabi/15.2.1/../../../../arm-none-eabi/lib/thumb/v7e-m+dp/hard/libc_nano.a(libc_a-printf.o)
 .ARM.attributes
                0x00000587       0x32 /opt/arm-gnu-toolchain-15.2.rel1-x86_64-arm-none-eabi/bin/../lib/gcc/arm-none-eabi/15.2.1/../../../../arm-none-eabi/lib/thumb/v7e-m+dp/hard/libc_nano.a(libc_a-putchar.o)
 .ARM.attributes
                0x000005b9       0x32 /opt/arm-gnu-toolchain-15.2.rel1-x86_64-arm-none-eabi/bin/../lib/gcc/arm-none-eabi/15.2.1/../../../../arm-none-eabi/lib/thumb/v7e-m+dp/hard/libc_nano.a(libc_a-stdio.o)
 .ARM.attributes
                0x000005eb       0x32 /opt/arm-gnu-toolchain-15.2.rel1-x86_64-arm-none-eabi/bin/../lib/gcc/arm-none-eabi/15.2.1/../../../../arm-none-eabi/lib/thumb/v7e-m+dp/hard/libc_nano.a(libc_a-memset.o)
 .ARM.attributes
                0x0000061d       0x32 /opt/arm-gnu-toolchain-15.2.rel1-x86_64-arm-none-eabi/bin/../lib/gcc/arm-none-eabi/15.2.1/../../../../arm-none-eabi/lib/thumb/v7e-m+dp/hard/libc_nano.a(libc_a-closer.o)
 .ARM.attributes
                0x0000064f       0x32 /opt/arm-gnu-toolchain-15.2.rel1-x86_64-arm-none-eabi/bin/../lib/gcc/arm-none-eabi/15.2.1/../../../../arm-none-eabi/lib/thumb/v7e-m+dp/hard/libc_nano.a(libc_a-reent.o)
 .ARM.attributes
                0x00000681       0x32 /opt/arm-gnu-toolchain-15.2.rel1-x86_64-arm-none-eabi/bin/../lib/gcc/arm-none-eabi/15.2.1/../../../../arm-none-eabi/lib/thumb/v7e-m+dp/hard/libc_nano.a(libc_a-impure.o)
 .ARM.attributes
                0x000006b3       0x32 /opt/arm-gnu-toolchain-15.2.rel1-x86_64-arm-none-eabi/bin/../lib/gcc/arm-none-eabi/15.2.1/../../../../arm-none-eabi/lib/thumb/v7e-m+dp/hard/libc_nano.a(libc_a-lseekr.o)
 .ARM.attributes
                0x000006e5       0x32 /opt/arm-gnu-toolchain-15.2.rel1-x86_64-arm-none-eabi/bin/../lib/gcc/arm-none-eabi/15.2.1/../../../../arm-none-eabi/lib/thumb/v7e-m+dp/hard/libc_nano.a(libc_a-readr.o)
 .ARM.attributes
                0x00000717       0x32 /opt/arm-gnu-toolchain-15.2.rel1-x86_64-arm-none-eabi/bin/../lib/gcc/arm-none-eabi/15.2.1/../../../../arm-none-eabi/lib/thumb/v7e-m+dp/hard/libc_nano.a(libc_a-writer.o)
 .ARM.attributes
                0x00000749       0x32 /opt/arm-gnu-toolchain-15.2.rel1-x86_64-arm-none-eabi/bin/../lib/gcc/arm-none-eabi/15.2.1/../../../../arm-none-eabi/lib/thumb/v7e-m+dp/hard/libc_nano.a(libc_a-errno.o)
 .ARM.attributes
                0x0000077b       0x32 /opt/arm-gnu-toolchain-15.2.rel1-x86_64-arm-none-eabi/bin/../lib/gcc/arm-none-eabi/15.2.1/../../../../arm-none-eabi/lib/thumb/v7e-m+dp/hard/libc_nano.a(libc_a-init.o)
 .ARM.attributes
                0x000007ad       0x32 /opt/arm-gnu-toolchain-15.2.rel1-x86_64-arm-none-eabi/bin/../lib/gcc/arm-none-eabi/15.2.1/../../../../arm-none-eabi/lib/thumb/v7e-m+dp/hard/libc_nano.a(libc_a-lock.o)
 .ARM.attributes
                0x000007df       0x32 /opt/arm-gnu-toolchain-15.2.rel1-x86_64-arm-none-eabi/bin/../lib/gcc/arm-none-eabi/15.2.1/../../../../arm-none-eabi/lib/thumb/v7e-m+dp/hard/libc_nano.a(libc_a-freer.o)
 .ARM.attributes
                0x00000811       0x32 /opt/arm-gnu-toolchain-15.2.rel1-x86_64-arm-none-eabi/bin/../lib/gcc/arm-none-eabi/15.2.1/../../../../arm-none-eabi/lib/thumb/v7e-m+dp/hard/libc_nano.a(libc_a-mallocr.o)
 .ARM.attributes
                0x00000843       0x32 /opt/arm-gnu-toolchain-15.2.rel1-x86_64-arm-none-eabi/bin/../lib/gcc/arm-none-eabi/15.2.1/../../../../arm-none-eabi/lib/thumb/v7e-m+dp/hard/libc_nano.a(libc_a-mlock.o)
 .ARM.attributes
                0x00000875       0x32 /opt/arm-gnu-toolchain-15.2.rel1-x86_64-arm-none-eabi/bin/../lib/gcc/arm-none-eabi/15.2.1/../../../../arm-none-eabi/lib/thumb/v7e-m+dp/hard/libc_nano.a(libc_a-nano-vfprintf.o)
 .ARM.attributes
                0x000008a7       0x32 /opt/arm-gnu-toolchain-15.2.rel1-x86_64-arm-none-eabi/bin/../lib/gcc/arm-none-eabi/15.2.1/../../../../arm-none-eabi/lib/thumb/v7e-m+dp/hard/libc_nano.a(libc_a-nano-vfprintf_i.o)
 .ARM.attributes
                0x000008d9       0x32 /opt/arm-gnu-toolchain-15.2.rel1-x86_64-arm-none-eabi/bin/../lib/gcc/arm-none-eabi/15.2.1/../../../../arm-none-eabi/lib/thumb/v7e-m+dp/hard/libc_nano.a(libc_a-fflush.o)
 .ARM.attributes
                0x0000090b       0x32 /opt/arm-gnu-toolchain-15.2.rel1-x86_64-arm-none-eabi/bin/../lib/gcc/arm-none-eabi/15.2.1/../../../../arm-none-eabi/lib/thumb/v7e-m+dp/hard/libc_nano.a(libc_a-putc.o)
 .ARM.attributes
                0x0000093d       0x32 /opt/arm-gnu-toolchain-15.2.rel1-x86_64-arm-none-eabi/bin/../lib/gcc/arm-none-eabi/15.2.1/../../../../arm-none-eabi/lib/thumb/v7e-m+dp/hard/libc_nano.a(libc_a-wbuf.o)
 .ARM.attributes
                0x0000096f       0x32 /opt/arm-gnu-toolchain-15.2.rel1-x86_64-arm-none-eabi/bin/../lib/gcc/arm-none-eabi/15.2.1/../../../../arm-none-eabi/lib/thumb/v7e-m+dp/hard/libc_nano.a(libc_a-wsetup.o)
 .ARM.attributes
                0x000009a1       0x32 /opt/arm-gnu-toolchain-15.2.rel1-x86_64-arm-none-eabi/bin/../lib/gcc/arm-none-eabi/15.2.1/../../../../arm-none-eabi/lib/thumb/v7e-m+dp/hard/libc_nano.a(libc_a-sbrkr.o)
 .ARM.attributes
                0x000009d3       0x1c /opt/arm-gnu-toolchain-15.2.rel1-x86_64-arm-none-eabi/bin/../lib/gcc/arm-none-eabi/15.2.1/../../../../arm-none-eabi/lib/thumb/v7e-m+dp/hard/libc_nano.a(libc_a-memchr.o)
 .ARM.attributes
                0x000009ef       0x32 /opt/arm-gnu-toolchain-15.2.rel1-x86_64-arm-none-eabi/bin/../lib/gcc/arm-none-eabi/15.2.1/../../../../arm-none-eabi/lib/thumb/v7e-m+dp/hard/libc_nano.a(libc_a-makebuf.o)
 .ARM.attributes
                0x00000a21       0x32 /opt/arm-gnu-toolchain-15.2.rel1-x86_64-arm-none-eabi/bin/../lib/gcc/arm-none-eabi/15.2.1/../../../../arm-none-eabi/lib/thumb/v7e-m+dp/hard/libc_nano.a(libc_a-fstatr.o)
 .ARM.attributes
                0x00000a53       0x32 /opt/arm-gnu-toolchain-15.2.rel1-x86_64-arm-none-eabi/bin/../lib/gcc/arm-none-eabi/15.2.1/../../../../arm-none-eabi/lib/thumb/v7e-m+dp/hard/libc_nano.a(libc_a-isattyr.o)
 .ARM.attributes
                0x00000a85       0x32 /opt/arm-gnu-toolchain-15.2.rel1-x86_64-arm-none-eabi/bin/../lib/gcc/arm-none-eabi/15.2.1/thumb/v7e-m+dp/hard/crtend.o
 .ARM.attributes
                0x00000ab7       0x20 /opt/arm-gnu-toolchain-15.2.rel1-x86_64-arm-none-eabi/bin/../lib/gcc/arm-none-eabi/15.2.1/thumb/v7e-m+dp/hard/crtn.o

.comment        0x00000000       0x45
 .comment       0x00000000       0x45 build/main.o
                                 0x46 (size before relaxing)
 .comment       0x00000045        0x0 build/stm32h7xx_it.o
                                 0x46 (size before relaxing)
 .comment       0x00000045        0x0 build/stm32h7xx_hal_msp.o
                                 0x46 (size before relaxing)
 .comment       0x00000045        0x0 build/usb_device.o
                                 0x46 (size before relaxing)
 .comment       0x00000045        0x0 build/usbd_desc.o
                                 0x46 (size before relaxing)
 .comment       0x00000045        0x0 build/usbd_cdc_if.o
                                 0x46 (size before relaxing)
 .comment       0x00000045        0x0 build/usbd_conf.o
                                 0x46 (size before relaxing)
 .comment       0x00000045        0x0 build/stm32h7xx_hal_pcd.o
                                 0x46 (size before relaxing)
 .comment       0x00000045        0x0 build/stm32h7xx_hal_pcd_ex.o
                                 0x46 (size before relaxing)
 .comment       0x00000045        0x0 build/stm32h7xx_ll_usb.o
                                 0x46 (size before relaxing)
 .comment       0x00000045        0x0 build/stm32h7xx_hal_rcc.o
                                 0x46 (size before relaxing)
 .comment       0x00000045        0x0 build/stm32h7xx_hal_rcc_ex.o
                                 0x46 (size before relaxing)
 .comment       0x00000045        0x0 build/stm32h7xx_hal_gpio.o
                                 0x46 (size before relaxing)
 .comment       0x00000045        0x0 build/stm32h7xx_hal_pwr_ex.o
                                 0x46 (size before relaxing)
 .comment       0x00000045        0x0 build/stm32h7xx_hal_cortex.o
                                 0x46 (size before relaxing)
 .comment       0x00000045        0x0 build/stm32h7xx_hal.o
                                 0x46 (size before relaxing)
 .comment       0x00000045        0x0 build/system_stm32h7xx.o
                                 0x46 (size before relaxing)
 .comment       0x00000045        0x0 build/usbd_core.o
                                 0x46 (size before relaxing)
 .comment       0x00000045        0x0 build/usbd_ctlreq.o
                                 0x46 (size before relaxing)
 .comment       0x00000045        0x0 build/usbd_ioreq.o
                                 0x46 (size before relaxing)
 .comment       0x00000045        0x0 build/usbd_cdc.o
                                 0x46 (size before relaxing)
 .comment       0x00000045        0x0 build/sysmem.o
                                 0x46 (size before relaxing)
 .comment       0x00000045        0x0 build/syscalls.o
                                 0x46 (size before relaxing)

.debug_info     0x00000000    0x199bc
 .debug_info    0x00000000     0x13d3 build/main.o
 .debug_info    0x000013d3      0x7d4 build/stm32h7xx_it.o
 .debug_info    0x00001ba7      0x543 build/stm32h7xx_hal_msp.o
 .debug_info    0x000020ea      0x8d7 build/usb_device.o
 .debug_info    0x000029c1      0x6f1 build/usbd_desc.o
 .debug_info    0x000030b2      0xb13 build/usbd_cdc_if.o
 .debug_info    0x00003bc5     0x2f42 build/usbd_conf.o
 .debug_info    0x00006b07     0x1f3f build/stm32h7xx_hal_pcd.o
 .debug_info    0x00008a46      0xb3b build/stm32h7xx_hal_pcd_ex.o
 .debug_info    0x00009581     0x1d6c build/stm32h7xx_ll_usb.o
 .debug_info    0x0000b2ed     0x12bb build/stm32h7xx_hal_rcc.o
 .debug_info    0x0000c5a8     0x1c71 build/stm32h7xx_hal_rcc_ex.o
 .debug_info    0x0000e219      0xf00 build/stm32h7xx_hal_gpio.o
 .debug_info    0x0000f119     0x1152 build/stm32h7xx_hal_pwr_ex.o
 .debug_info    0x0001026b     0x1581 build/stm32h7xx_hal_cortex.o
 .debug_info    0x000117ec     0x1aa0 build/stm32h7xx_hal.o
 .debug_info    0x0001328c      0xdaa build/system_stm32h7xx.o
 .debug_info    0x00014036     0x153a build/usbd_core.o
 .debug_info    0x00015570     0x15de build/usbd_ctlreq.o
 .debug_info    0x00016b4e      0xa47 build/usbd_ioreq.o
 .debug_info    0x00017595     0x1a17 build/usbd_cdc.o
 .debug_info    0x00018fac      0x18c build/sysmem.o
 .debug_info    0x00019138      0x854 build/syscalls.o
 .debug_info    0x0001998c       0x30 build/startup_stm32h723xx.o

.debug_abbrev   0x00000000     0x381f
 .debug_abbrev  0x00000000      0x2ce build/main.o
 .debug_abbrev  0x000002ce      0x183 build/stm32h7xx_it.o
 .debug_abbrev  0x00000451       0xc8 build/stm32h7xx_hal_msp.o
 .debug_abbrev  0x00000519      0x1af build/usb_device.o
 .debug_abbrev  0x000006c8      0x22d build/usbd_desc.o
 .debug_abbrev  0x000008f5      0x2c7 build/usbd_cdc_if.o
 .debug_abbrev  0x00000bbc      0x356 build/usbd_conf.o
 .debug_abbrev  0x00000f12      0x308 build/stm32h7xx_hal_pcd.o
 .debug_abbrev  0x0000121a      0x287 build/stm32h7xx_hal_pcd_ex.o
 .debug_abbrev  0x000014a1      0x328 build/stm32h7xx_ll_usb.o
 .debug_abbrev  0x000017c9      0x2b9 build/stm32h7xx_hal_rcc.o
 .debug_abbrev  0x00001a82      0x285 build/stm32h7xx_hal_rcc_ex.o
 .debug_abbrev  0x00001d07      0x25a build/stm32h7xx_hal_gpio.o
 .debug_abbrev  0x00001f61      0x2c7 build/stm32h7xx_hal_pwr_ex.o
 .debug_abbrev  0x00002228      0x3e6 build/stm32h7xx_hal_cortex.o
 .debug_abbrev  0x0000260e      0x2ba build/stm32h7xx_hal.o
 .debug_abbrev  0x000028c8      0x144 build/system_stm32h7xx.o
 .debug_abbrev  0x00002a0c      0x2f9 build/usbd_core.o
 .debug_abbrev  0x00002d05      0x362 build/usbd_ctlreq.o
 .debug_abbrev  0x00003067      0x195 build/usbd_ioreq.o
 .debug_abbrev  0x000031fc      0x32f build/usbd_cdc.o
 .debug_abbrev  0x0000352b       0xeb build/sysmem.o
 .debug_abbrev  0x00003616      0x1ec build/syscalls.o
 .debug_abbrev  0x00003802       0x1d build/startup_stm32h723xx.o

.debug_loc      0x00000000     0xdf51
 .debug_loc     0x00000000      0x158 build/main.o
 .debug_loc     0x00000158       0x40 build/stm32h7xx_it.o
 .debug_loc     0x00000198       0x2c build/stm32h7xx_hal_msp.o
 .debug_loc     0x000001c4       0x20 build/usb_device.o
 .debug_loc     0x000001e4      0x516 build/usbd_desc.o
 .debug_loc     0x000006fa      0x217 build/usbd_cdc_if.o
 .debug_loc     0x00000911     0x1117 build/usbd_conf.o
 .debug_loc     0x00001a28     0x1881 build/stm32h7xx_hal_pcd.o
 .debug_loc     0x000032a9      0x2d1 build/stm32h7xx_hal_pcd_ex.o
 .debug_loc     0x0000357a     0x2271 build/stm32h7xx_ll_usb.o
 .debug_loc     0x000057eb      0xa44 build/stm32h7xx_hal_rcc.o
 .debug_loc     0x0000622f     0x1eba build/stm32h7xx_hal_rcc_ex.o
 .debug_loc     0x000080e9      0x4ba build/stm32h7xx_hal_gpio.o
 .debug_loc     0x000085a3      0x551 build/stm32h7xx_hal_pwr_ex.o
 .debug_loc     0x00008af4      0x82f build/stm32h7xx_hal_cortex.o
 .debug_loc     0x00009323      0x582 build/stm32h7xx_hal.o
 .debug_loc     0x000098a5      0x1a0 build/system_stm32h7xx.o
 .debug_loc     0x00009a45     0x1194 build/usbd_core.o
 .debug_loc     0x0000abd9     0x1cc3 build/usbd_ctlreq.o
 .debug_loc     0x0000c89c      0x3f8 build/usbd_ioreq.o
 .debug_loc     0x0000cc94      0xcaa build/usbd_cdc.o
 .debug_loc     0x0000d93e       0x90 build/sysmem.o
 .debug_loc     0x0000d9ce      0x583 build/syscalls.o

.debug_aranges  0x00000000      0xf08
 .debug_aranges
                0x00000000       0x40 build/main.o
 .debug_aranges
                0x00000040       0x68 build/stm32h7xx_it.o
 .debug_aranges
                0x000000a8       0x20 build/stm32h7xx_hal_msp.o
 .debug_aranges
                0x000000c8       0x20 build/usb_device.o
 .debug_aranges
                0x000000e8       0x68 build/usbd_desc.o
 .debug_aranges
                0x00000150       0x48 build/usbd_cdc_if.o
 .debug_aranges
                0x00000198      0x110 build/usbd_conf.o
 .debug_aranges
                0x000002a8      0x140 build/stm32h7xx_hal_pcd.o
 .debug_aranges
                0x000003e8       0x60 build/stm32h7xx_hal_pcd_ex.o
 .debug_aranges
                0x00000448      0x180 build/stm32h7xx_ll_usb.o
 .debug_aranges
                0x000005c8       0x88 build/stm32h7xx_hal_rcc.o
 .debug_aranges
                0x00000650       0xf8 build/stm32h7xx_hal_rcc_ex.o
 .debug_aranges
                0x00000748       0x58 build/stm32h7xx_hal_gpio.o
 .debug_aranges
                0x000007a0      0x148 build/stm32h7xx_hal_pwr_ex.o
 .debug_aranges
                0x000008e8       0xf8 build/stm32h7xx_hal_cortex.o
 .debug_aranges
                0x000009e0      0x1c8 build/stm32h7xx_hal.o
 .debug_aranges
                0x00000ba8       0x30 build/system_stm32h7xx.o
 .debug_aranges
                0x00000bd8       0xd8 build/usbd_core.o
 .debug_aranges
                0x00000cb0       0x88 build/usbd_ctlreq.o
 .debug_aranges
                0x00000d38       0x50 build/usbd_ioreq.o
 .debug_aranges
                0x00000d88       0x90 build/usbd_cdc.o
 .debug_aranges
                0x00000e18       0x20 build/sysmem.o
 .debug_aranges
                0x00000e38       0xa8 build/syscalls.o
 .debug_aranges
                0x00000ee0       0x28 build/startup_stm32h723xx.o

.debug_ranges   0x00000000      0xe60
 .debug_ranges  0x00000000       0x30 build/main.o
 .debug_ranges  0x00000030       0x58 build/stm32h7xx_it.o
 .debug_ranges  0x00000088       0x10 build/stm32h7xx_hal_msp.o
 .debug_ranges  0x00000098       0x10 build/usb_device.o
 .debug_ranges  0x000000a8       0x58 build/usbd_desc.o
 .debug_ranges  0x00000100       0x38 build/usbd_cdc_if.o
 .debug_ranges  0x00000138      0x100 build/usbd_conf.o
 .debug_ranges  0x00000238      0x130 build/stm32h7xx_hal_pcd.o
 .debug_ranges  0x00000368       0x50 build/stm32h7xx_hal_pcd_ex.o
 .debug_ranges  0x000003b8      0x170 build/stm32h7xx_ll_usb.o
 .debug_ranges  0x00000528       0xe8 build/stm32h7xx_hal_rcc.o
 .debug_ranges  0x00000610       0xe8 build/stm32h7xx_hal_rcc_ex.o
 .debug_ranges  0x000006f8       0x48 build/stm32h7xx_hal_gpio.o
 .debug_ranges  0x00000740      0x198 build/stm32h7xx_hal_pwr_ex.o
 .debug_ranges  0x000008d8       0xe8 build/stm32h7xx_hal_cortex.o
 .debug_ranges  0x000009c0      0x1b8 build/stm32h7xx_hal.o
 .debug_ranges  0x00000b78       0x20 build/system_stm32h7xx.o
 .debug_ranges  0x00000b98       0xc8 build/usbd_core.o
 .debug_ranges  0x00000c60       0x78 build/usbd_ctlreq.o
 .debug_ranges  0x00000cd8       0x40 build/usbd_ioreq.o
 .debug_ranges  0x00000d18       0x80 build/usbd_cdc.o
 .debug_ranges  0x00000d98       0x10 build/sysmem.o
 .debug_ranges  0x00000da8       0x98 build/syscalls.o
 .debug_ranges  0x00000e40       0x20 build/startup_stm32h723xx.o

.debug_line     0x00000000     0xd112
 .debug_line    0x00000000      0x5f6 build/main.o
 .debug_line    0x000005f6      0x29a build/stm32h7xx_it.o
 .debug_line    0x00000890      0x15a build/stm32h7xx_hal_msp.o
 .debug_line    0x000009ea      0x25f build/usb_device.o
 .debug_line    0x00000c49      0x369 build/usbd_desc.o
 .debug_line    0x00000fb2      0x26e build/usbd_cdc_if.o
 .debug_line    0x00001220      0x88d build/usbd_conf.o
 .debug_line    0x00001aad     0x1453 build/stm32h7xx_hal_pcd.o
 .debug_line    0x00002f00      0x4ba build/stm32h7xx_hal_pcd_ex.o
 .debug_line    0x000033ba     0x1933 build/stm32h7xx_ll_usb.o
 .debug_line    0x00004ced     0x1316 build/stm32h7xx_hal_rcc.o
 .debug_line    0x00006003     0x1e92 build/stm32h7xx_hal_rcc_ex.o
 .debug_line    0x00007e95      0x6f2 build/stm32h7xx_hal_gpio.o
 .debug_line    0x00008587      0xa35 build/stm32h7xx_hal_pwr_ex.o
 .debug_line    0x00008fbc      0x83e build/stm32h7xx_hal_cortex.o
 .debug_line    0x000097fa      0x980 build/stm32h7xx_hal.o
 .debug_line    0x0000a17a      0x487 build/system_stm32h7xx.o
 .debug_line    0x0000a601      0xa94 build/usbd_core.o
 .debug_line    0x0000b095      0xd47 build/usbd_ctlreq.o
 .debug_line    0x0000bddc      0x2c0 build/usbd_ioreq.o
 .debug_line    0x0000c09c      0xa51 build/usbd_cdc.o
 .debug_line    0x0000caed      0x1cf build/sysmem.o
 .debug_line    0x0000ccbc      0x3e2 build/syscalls.o
 .debug_line    0x0000d09e       0x74 build/startup_stm32h723xx.o

.debug_str      0x00000000     0x52cc
 .debug_str     0x00000000     0x52cc build/main.o
                                0x98f (size before relaxing)
 .debug_str     0x000052cc        0x0 build/stm32h7xx_it.o
                                0x695 (size before relaxing)
 .debug_str     0x000052cc        0x0 build/stm32h7xx_hal_msp.o
                                0x3ca (size before relaxing)
 .debug_str     0x000052cc        0x0 build/usb_device.o
                                0x6e4 (size before relaxing)
 .debug_str     0x000052cc        0x0 build/usbd_desc.o
                                0x47c (size before relaxing)
 .debug_str     0x000052cc        0x0 build/usbd_cdc_if.o
                                0x78f (size before relaxing)
 .debug_str     0x000052cc        0x0 build/usbd_conf.o
                               0x1e88 (size before relaxing)
 .debug_str     0x000052cc        0x0 build/stm32h7xx_hal_pcd.o
                                0xe24 (size before relaxing)
 .debug_str     0x000052cc        0x0 build/stm32h7xx_hal_pcd_ex.o
                                0x810 (size before relaxing)
 .debug_str     0x000052cc        0x0 build/stm32h7xx_ll_usb.o
                                0xb0f (size before relaxing)
 .debug_str     0x000052cc        0x0 build/stm32h7xx_hal_rcc.o
                                0x993 (size before relaxing)
 .debug_str     0x000052cc        0x0 build/stm32h7xx_hal_rcc_ex.o
                                0xed5 (size before relaxing)
 .debug_str     0x000052cc        0x0 build/stm32h7xx_hal_gpio.o
                                0x6ae (size before relaxing)
 .debug_str     0x000052cc        0x0 build/stm32h7xx_hal_pwr_ex.o
                                0x993 (size before relaxing)
 .debug_str     0x000052cc        0x0 build/stm32h7xx_hal_cortex.o
                               0x1020 (size before relaxing)
 .debug_str     0x000052cc        0x0 build/stm32h7xx_hal.o
                               0x1574 (size before relaxing)
 .debug_str     0x000052cc        0x0 build/system_stm32h7xx.o
                                0x6bb (size before relaxing)
 .debug_str     0x000052cc        0x0 build/usbd_core.o
                                0x9f4 (size before relaxing)
 .debug_str     0x000052cc        0x0 build/usbd_ctlreq.o
                                0x7fe (size before relaxing)
 .debug_str     0x000052cc        0x0 build/usbd_ioreq.o
                                0x6d3 (size before relaxing)
 .debug_str     0x000052cc        0x0 build/usbd_cdc.o
                                0xdd7 (size before relaxing)
 .debug_str     0x000052cc        0x0 build/sysmem.o
                                0x1fb (size before relaxing)
 .debug_str     0x000052cc        0x0 build/syscalls.o
                                0x3cf (size before relaxing)
 .debug_str     0x000052cc        0x0 build/startup_stm32h723xx.o
                                 0x58 (size before relaxing)

.debug_frame    0x00000000     0x2bc4
 .debug_frame   0x00000000       0x9c build/main.o
 .debug_frame   0x0000009c       0xc0 build/stm32h7xx_it.o
 .debug_frame   0x0000015c       0x28 build/stm32h7xx_hal_msp.o
 .debug_frame   0x00000184       0x28 build/usb_device.o
 .debug_frame   0x000001ac       0xec build/usbd_desc.o
 .debug_frame   0x00000298       0x88 build/usbd_cdc_if.o
 .debug_frame   0x00000320      0x2e4 build/usbd_conf.o
 .debug_frame   0x00000604      0x374 build/stm32h7xx_hal_pcd.o
 .debug_frame   0x00000978       0xb4 build/stm32h7xx_hal_pcd_ex.o
 .debug_frame   0x00000a2c      0x3e0 build/stm32h7xx_ll_usb.o
 .debug_frame   0x00000e0c      0x170 build/stm32h7xx_hal_rcc.o
 .debug_frame   0x00000f7c      0x26c build/stm32h7xx_hal_rcc_ex.o
 .debug_frame   0x000011e8       0xd0 build/stm32h7xx_hal_gpio.o
 .debug_frame   0x000012b8      0x2b8 build/stm32h7xx_hal_pwr_ex.o
 .debug_frame   0x00001570      0x214 build/stm32h7xx_hal_cortex.o
 .debug_frame   0x00001784      0x3bc build/stm32h7xx_hal.o
 .debug_frame   0x00001b40       0x40 build/system_stm32h7xx.o
 .debug_frame   0x00001b80      0x23c build/usbd_core.o
 .debug_frame   0x00001dbc      0x180 build/usbd_ctlreq.o
 .debug_frame   0x00001f3c       0xb8 build/usbd_ioreq.o
 .debug_frame   0x00001ff4      0x18c build/usbd_cdc.o
 .debug_frame   0x00002180       0x28 build/sysmem.o
 .debug_frame   0x000021a8      0x190 build/syscalls.o
 .debug_frame   0x00002338      0x144 /opt/arm-gnu-toolchain-15.2.rel1-x86_64-arm-none-eabi/bin/../lib/gcc/arm-none-eabi/15.2.1/../../../../arm-none-eabi/lib/thumb/v7e-m+dp/hard/libc_nano.a(libc_a-findfp.o)
 .debug_frame   0x0000247c       0x34 /opt/arm-gnu-toolchain-15.2.rel1-x86_64-arm-none-eabi/bin/../lib/gcc/arm-none-eabi/15.2.1/../../../../arm-none-eabi/lib/thumb/v7e-m+dp/hard/libc_nano.a(libc_a-fwalk.o)
 .debug_frame   0x000024b0       0x6c /opt/arm-gnu-toolchain-15.2.rel1-x86_64-arm-none-eabi/bin/../lib/gcc/arm-none-eabi/15.2.1/../../../../arm-none-eabi/lib/thumb/v7e-m+dp/hard/libc_nano.a(libc_a-printf.o)
 .debug_frame   0x0000251c       0x30 /opt/arm-gnu-toolchain-15.2.rel1-x86_64-arm-none-eabi/bin/../lib/gcc/arm-none-eabi/15.2.1/../../../../arm-none-eabi/lib/thumb/v7e-m+dp/hard/libc_nano.a(libc_a-putchar.o)
 .debug_frame   0x0000254c       0x88 /opt/arm-gnu-toolchain-15.2.rel1-x86_64-arm-none-eabi/bin/../lib/gcc/arm-none-eabi/15.2.1/../../../../arm-none-eabi/lib/thumb/v7e-m+dp/hard/libc_nano.a(libc_a-stdio.o)
 .debug_frame   0x000025d4       0x20 /opt/arm-gnu-toolchain-15.2.rel1-x86_64-arm-none-eabi/bin/../lib/gcc/arm-none-eabi/15.2.1/../../../../arm-none-eabi/lib/thumb/v7e-m+dp/hard/libc_nano.a(libc_a-memset.o)
 .debug_frame   0x000025f4       0x2c /opt/arm-gnu-toolchain-15.2.rel1-x86_64-arm-none-eabi/bin/../lib/gcc/arm-none-eabi/15.2.1/../../../../arm-none-eabi/lib/thumb/v7e-m+dp/hard/libc_nano.a(libc_a-closer.o)
 .debug_frame   0x00002620       0x38 /opt/arm-gnu-toolchain-15.2.rel1-x86_64-arm-none-eabi/bin/../lib/gcc/arm-none-eabi/15.2.1/../../../../arm-none-eabi/lib/thumb/v7e-m+dp/hard/libc_nano.a(libc_a-reent.o)
 .debug_frame   0x00002658       0x2c /opt/arm-gnu-toolchain-15.2.rel1-x86_64-arm-none-eabi/bin/../lib/gcc/arm-none-eabi/15.2.1/../../../../arm-none-eabi/lib/thumb/v7e-m+dp/hard/libc_nano.a(libc_a-lseekr.o)